Archive member included to satisfy reference by file (symbol)

C:/devkitPro/libctru/lib\libctru.a(console.o)
                              main.o (consoleSelect)
C:/devkitPro/libctru/lib\libctru.a(gfx.o)
                              C:/devkitPro/libctru/lib\libctru.a(console.o) (gfxIsWide)
C:/devkitPro/libctru/lib\libctru.a(apt.o)
                              main.o (aptMainLoop)
C:/devkitPro/libctru/lib\libctru.a(gspgpu.o)
                              C:/devkitPro/libctru/lib\libctru.a(gfx.o) (gspInit)
C:/devkitPro/libctru/lib\libctru.a(hid.o)
                              main.o (hidScanInput)
C:/devkitPro/libctru/lib\libctru.a(irrst.o)
                              C:/devkitPro/libctru/lib\libctru.a(hid.o) (irrstInit)
C:/devkitPro/libctru/lib\libctru.a(swkbd.o)
                              main.o (swkbdInit)
C:/devkitPro/libctru/lib\libctru.a(utf16_to_utf8.o)
                              C:/devkitPro/libctru/lib\libctru.a(swkbd.o) (utf16_to_utf8)
C:/devkitPro/libctru/lib\libctru.a(utf8_to_utf16.o)
                              C:/devkitPro/libctru/lib\libctru.a(swkbd.o) (utf8_to_utf16)
C:/devkitPro/libctru/lib\libctru.a(ctru_init.o)
                              C:/devkitPro/libctru/lib\libctru.a(apt.o) (__system_retAddr)
C:/devkitPro/libctru/lib\libctru.a(initArgv.o)
                              C:/devkitPro/libctru/lib\libctru.a(ctru_init.o) (__system_initArgv)
C:/devkitPro/libctru/lib\libctru.a(syscalls.o)
                              C:/devkitPro/libctru/lib\libctru.a(ctru_init.o) (__system_initSyscalls)
C:/devkitPro/libctru/lib\libctru.a(svc.o)
                              C:/devkitPro/libctru/lib\libctru.a(apt.o) (svcSleepThread)
C:/devkitPro/libctru/lib\libctru.a(stack_adjust.o)
                              C:/devkitPro/devkitARM/bin/../lib/gcc/arm-none-eabi/16.1.0/../../../../arm-none-eabi/lib/armv6k/fpu/3dsx_crt0.o (initSystem)
C:/devkitPro/libctru/lib\libctru.a(default_font.bin.o)
                              C:/devkitPro/libctru/lib\libctru.a(console.o) (default_font_bin)
C:/devkitPro/libctru/lib\libctru.a(linear.o)
                              C:/devkitPro/libctru/lib\libctru.a(gfx.o) (linearAlloc)
C:/devkitPro/libctru/lib\libctru.a(mem_pool.o)
                              C:/devkitPro/libctru/lib\libctru.a(linear.o) (MemPool::Allocate(MemChunk&, unsigned long, int))
C:/devkitPro/libctru/lib\libctru.a(vram.o)
                              C:/devkitPro/libctru/lib\libctru.a(gfx.o) (vramAlloc)
C:/devkitPro/libctru/lib\libctru.a(3dslink.o)
                              C:/devkitPro/libctru/lib\libctru.a(initArgv.o) (__3dslink_host)
C:/devkitPro/libctru/lib\libctru.a(env.o)
                              C:/devkitPro/libctru/lib\libctru.a(irrst.o) (envGetHandle)
C:/devkitPro/libctru/lib\libctru.a(os.o)
                              C:/devkitPro/libctru/lib\libctru.a(syscalls.o) (osGetTime)
C:/devkitPro/libctru/lib\libctru.a(srv.o)
                              C:/devkitPro/libctru/lib\libctru.a(apt.o) (srvInit)
C:/devkitPro/libctru/lib\libctru.a(synchronization.o)
                              C:/devkitPro/libctru/lib\libctru.a(ctru_init.o) (__sync_init)
C:/devkitPro/libctru/lib\libctru.a(thread.o)
                              C:/devkitPro/libctru/lib\libctru.a(apt.o) (threadCreate)
C:/devkitPro/libctru/lib\libctru.a(mappable.o)
                              C:/devkitPro/libctru/lib\libctru.a(apt.o) (mappableAlloc)
C:/devkitPro/libctru/lib\libctru.a(ptmsysm.o)
                              C:/devkitPro/libctru/lib\libctru.a(os.o) (ptmSysmInit)
C:/devkitPro/libctru/lib\libctru.a(srvpm.o)
                              C:/devkitPro/libctru/lib\libctru.a(srv.o) (srvPmGetSessionHandle)
C:/devkitPro/libctru/lib\libctru.a(soc_connect.o)
                              C:/devkitPro/libctru/lib\libctru.a(3dslink.o) (connect)
C:/devkitPro/libctru/lib\libctru.a(soc_socket.o)
                              C:/devkitPro/libctru/lib\libctru.a(3dslink.o) (socket)
C:/devkitPro/libctru/lib\libctru.a(rbtree_find.o)
                              C:/devkitPro/libctru/lib\libctru.a(linear.o) (rbtree_find)
C:/devkitPro/libctru/lib\libctru.a(rbtree_init.o)
                              C:/devkitPro/libctru/lib\libctru.a(linear.o) (rbtree_init)
C:/devkitPro/libctru/lib\libctru.a(rbtree_insert.o)
                              C:/devkitPro/libctru/lib\libctru.a(linear.o) (rbtree_insert)
C:/devkitPro/libctru/lib\libctru.a(rbtree_remove.o)
                              C:/devkitPro/libctru/lib\libctru.a(linear.o) (rbtree_remove)
C:/devkitPro/libctru/lib\libctru.a(rbtree_rotate.o)
                              C:/devkitPro/libctru/lib\libctru.a(rbtree_insert.o) (rbtree_rotate)
C:/devkitPro/libctru/lib\libctru.a(decode_utf16.o)
                              C:/devkitPro/libctru/lib\libctru.a(utf16_to_utf8.o) (decode_utf16)
C:/devkitPro/libctru/lib\libctru.a(decode_utf8.o)
[...]
Memory Configuration

Name             Origin             Length             Attributes
*default*        0x00000000         0xffffffff

Linker script and memory map

                0x00000000                        __sync_synchronize = __sync_synchronize_dmb
                0x00100000                        PROVIDE (__start__ = 0x100000)
                0x00100000                        . = __start__

.text           0x00100000    0x186c0
 *(.crt0)
 .crt0          0x00100000       0x94 C:/devkitPro/devkitARM/bin/../lib/gcc/arm-none-eabi/16.1.0/../../../../arm-none-eabi/lib/armv6k/fpu/3dsx_crt0.o
                0x00100000                _start
                0x00100008                __service_ptr
                0x0010000c                __apt_appid
                0x00100010                __heap_size
                0x00100014                __linear_heap_size
                0x00100018                __system_arglist
                0x0010001c                __system_runflags
 *(.init)
 .init          0x00100094        0xc C:/devkitPro/devkitARM/bin/../lib/gcc/arm-none-eabi/16.1.0/armv6k/fpu/crti.o
                0x00100094                _init
 .init          0x001000a0        0xc C:/devkitPro/devkitARM/bin/../lib/gcc/arm-none-eabi/16.1.0/armv6k/fpu/crtn.o
                0x001000ac                        . = ALIGN (0x4)
 *(.text)
 .text          0x001000ac      0x240 C:/devkitPro/devkitARM/bin/../lib/gcc/arm-none-eabi/16.1.0/armv6k/fpu\libgcc.a(_divsi3.o)
                0x001000ac                __divsi3
                0x001000ac                __aeabi_idiv
                0x001002cc                __aeabi_idivmod
 .text          0x001002ec        0x4 C:/devkitPro/devkitARM/bin/../lib/gcc/arm-none-eabi/16.1.0/armv6k/fpu\libgcc.a(_dvmd_tls.o)
                0x001002ec                __aeabi_idiv0
                0x001002ec                __aeabi_ldiv0
 .text          0x001002f0       0x3c C:/devkitPro/devkitARM/bin/../lib/gcc/arm-none-eabi/16.1.0/armv6k/fpu\libgcc.a(_aeabi_uldivmod.o)
                0x001002f0                __aeabi_uldivmod
 *fill*         0x0010032c       0x14 
 .text          0x00100340      0x390 C:/devkitPro/devkitARM/bin/../lib/gcc/arm-none-eabi/16.1.0/../../../../arm-none-eabi/lib/armv6k/fpu\libg.a(libc_a-strcmp.o)
                0x00100348                strcmp
 .text          0x001006d0      0x20c C:/devkitPro/devkitARM/bin/../lib/gcc/arm-none-eabi/16.1.0/armv6k/fpu\libgcc.a(_udivsi3.o)
                0x001006d0                __aeabi_uidiv
                0x001006d0                __udivsi3
                0x001008bc                __aeabi_uidivmod
 *(.text.*)
 .text.__do_global_dtors_aux
                0x001008dc       0x50 C:/devkitPro/devkitARM/bin/../lib/gcc/arm-none-eabi/16.1.0/armv6k/fpu/crtbegin.o
 .text.frame_dummy
                0x0010092c       0x2c C:/devkitPro/devkitARM/bin/../lib/gcc/arm-none-eabi/16.1.0/armv6k/fpu/crtbegin.o
 .text.dibujarPantalla
                0x00100958       0x98 main.o
                0x00100958                dibujarPantalla
 .text.textoAMorse
                0x001009f0       0xd4 main.o
                0x001009f0                textoAMorse
 .text.morseATexto
                0x00100ac4      0x104 main.o
                0x00100ac4                morseATexto
 .text.startup.main
                0x00100bc8      0x120 main.o
                0x00100bc8                main
 .text.consoleSelect
                0x00100ce8       0x18 C:/devkitPro/libctru/lib\libctru.a(console.o)
                0x00100ce8                consoleSelect
 .text.consoleDrawChar
                0x00100d00      0x1c8 C:/devkitPro/libctru/lib\libctru.a(console.o)
                0x00100d00                consoleDrawChar
 .text.consolePrintChar
                0x00100ec8      0x170 C:/devkitPro/libctru/lib\libctru.a(console.o)
                0x00100ec8                consolePrintChar
 .text.con_write
                0x00101038      0xcc8 C:/devkitPro/libctru/lib\libctru.a(console.o)
                0x00101038                con_write
 .text.newRow   0x00101d00       0xfc C:/devkitPro/libctru/lib\libctru.a(console.o)
 .text.consoleInit
                0x00101dfc      0x180 C:/devkitPro/libctru/lib\libctru.a(console.o)
                0x00101dfc                consoleInit
 .text.consoleClear
                0x00101f7c       0xb8 C:/devkitPro/libctru/lib\libctru.a(console.o)
                0x00101f7c                consoleClear
 .text.gfxPresentFramebuffer
                0x00102034       0xcc C:/devkitPro/libctru/lib\libctru.a(gfx.o)
 .text.gfxIsWide
                0x00102100       0x1c C:/devkitPro/libctru/lib\libctru.a(gfx.o)
                0x00102100                gfxIsWide
 .text.gfxSetScreenFormat
                0x0010211c       0xf8 C:/devkitPro/libctru/lib\libctru.a(gfx.o)
                0x0010211c                gfxSetScreenFormat
 .text.gfxSetDoubleBuffering
                0x00102214       0x10 C:/devkitPro/libctru/lib\libctru.a(gfx.o)
                0x00102214                gfxSetDoubleBuffering
 .text.gfxInit  0x00102224       0xd8 C:/devkitPro/libctru/lib\libctru.a(gfx.o)
                0x00102224                gfxInit
 .text.gfxInitDefault
                0x001022fc       0x10 C:/devkitPro/libctru/lib\libctru.a(gfx.o)
                0x001022fc                gfxInitDefault
 .text.gfxExit  0x0010230c       0xb8 C:/devkitPro/libctru/lib\libctru.a(gfx.o)
                0x0010230c                gfxExit
 .text.gfxGetFramebuffer
                0x001023c4       0xa0 C:/devkitPro/libctru/lib\libctru.a(gfx.o)
                0x001023c4                gfxGetFramebuffer
 .text.gfxFlushBuffers
                0x00102464      0x100 C:/devkitPro/libctru/lib\libctru.a(gfx.o)
                0x00102464                gfxFlushBuffers
 .text.gfxSwapBuffersGpu
                0x00102564       0x50 C:/devkitPro/libctru/lib\libctru.a(gfx.o)
                0x00102564                gfxSwapBuffersGpu
 .text.aptConvertScreenForCapture
                0x001025b4      0x180 C:/devkitPro/libctru/lib\libctru.a(apt.o)
 .text.aptDspSleep
                0x00102734        0x8 C:/devkitPro/libctru/lib\libctru.a(apt.o)
                0x00102734                aptDspSleep
 .text.aptDspWakeup
                0x0010273c        0x4 C:/devkitPro/libctru/lib\libctru.a(apt.o)
                0x0010273c                aptDspWakeup
 .text.aptDspCancel
                0x00102740        0x4 C:/devkitPro/libctru/lib\libctru.a(apt.o)
                0x00102740                aptDspCancel
 .text.aptSendCommand
                0x00102744      0x138 C:/devkitPro/libctru/lib\libctru.a(apt.o)
                0x00102744                aptSendCommand
 *fill*         0x0010287c        0x4 
 .text.aptExitProcess
                0x00102880       0x44 C:/devkitPro/libctru/lib\libctru.a(apt.o)
 .text.aptExit  0x001028c4      0x394 C:/devkitPro/libctru/lib\libctru.a(apt.o)
                0x001028c4                aptExit
 .text.aptHandleSleep
                0x00102c58       0xd8 C:/devkitPro/libctru/lib\libctru.a(apt.o)
                0x00102c58                aptHandleSleep
 .text.aptSetMessageCallback
                0x00102d30       0x1c C:/devkitPro/libctru/lib\libctru.a(apt.o)
                0x00102d30                aptSetMessageCallback
 .text.APT_SleepIfShellClosed
                0x00102d4c       0x84 C:/devkitPro/libctru/lib\libctru.a(apt.o)
                0x00102d4c                APT_SleepIfShellClosed
 .text.aptSetSleepAllowed
                0x00102dd0       0x78 C:/devkitPro/libctru/lib\libctru.a(apt.o)
                0x00102dd0                aptSetSleepAllowed
 .text.APT_UnlockTransition
                0x00102e48       0x84 C:/devkitPro/libctru/lib\libctru.a(apt.o)
                0x00102e48                APT_UnlockTransition
 *fill*         0x00102ecc        0x4 
 .text.aptEventHandler
                0x00102ed0      0x470 C:/devkitPro/libctru/lib\libctru.a(apt.o)
 .text.APT_ReceiveParameter
                0x00103340       0xbc C:/devkitPro/libctru/lib\libctru.a(apt.o)
                0x00103340                APT_ReceiveParameter
 .text.aptReceiveParameter.constprop.0
                0x001033fc       0xb0 C:/devkitPro/libctru/lib\libctru.a(apt.o)
 *fill*         0x001034ac        0x4 
 .text.aptScreenTransfer
                0x001034b0      0x294 C:/devkitPro/libctru/lib\libctru.a(apt.o)
 .text.aptWaitForWakeUp.isra.0
                0x00103744      0x2d0 C:/devkitPro/libctru/lib\libctru.a(apt.o)
 .text.aptLaunchLibraryApplet
                0x00103a14      0x114 C:/devkitPro/libctru/lib\libctru.a(apt.o)
                0x00103a14                aptLaunchLibraryApplet
 .text.aptJumpToHomeMenu
                0x00103b28       0xf4 C:/devkitPro/libctru/lib\libctru.a(apt.o)
                0x00103b28                aptJumpToHomeMenu
 .text.aptMainLoop
                0x00103c1c       0x58 C:/devkitPro/libctru/lib\libctru.a(apt.o)
                0x00103c1c                aptMainLoop
 .text.aptInit  0x00103c74      0x240 C:/devkitPro/libctru/lib\libctru.a(apt.o)
                0x00103c74                aptInit
 .text.APT_SendParameter
                0x00103eb4       0x5c C:/devkitPro/libctru/lib\libctru.a(apt.o)
                0x00103eb4                APT_SendParameter
 .text.APT_CheckNew3DS
                0x00103f10       0x90 C:/devkitPro/libctru/lib\libctru.a(apt.o)
                0x00103f10                APT_CheckNew3DS
 .text.gspHardwareInit
                0x00103fa0      0xc70 C:/devkitPro/libctru/lib\libctru.a(gspgpu.o)
 .text.gspInit  0x00104c10      0x288 C:/devkitPro/libctru/lib\libctru.a(gspgpu.o)
                0x00104c10                gspInit
 .text.gspExit  0x00104e98      0x104 C:/devkitPro/libctru/lib\libctru.a(gspgpu.o)
                0x00104e98                gspExit
 .text.gspHasGpuRight
                0x00104f9c       0x10 C:/devkitPro/libctru/lib\libctru.a(gspgpu.o)
                0x00104f9c                gspHasGpuRight
 .text.gspPresentBuffer
                0x00104fac       0xa4 C:/devkitPro/libctru/lib\libctru.a(gspgpu.o)
                0x00104fac                gspPresentBuffer
 .text.gspWaitForEvent
                0x00105050       0x50 C:/devkitPro/libctru/lib\libctru.a(gspgpu.o)
                0x00105050                gspWaitForEvent
 .text.gxCmdQueueInterrupt
                0x001050a0        0x4 C:/devkitPro/libctru/lib\libctru.a(gspgpu.o)
                0x001050a0                gxCmdQueueInterrupt
 .text.gspEventThreadMain
                0x001050a4      0x154 C:/devkitPro/libctru/lib\libctru.a(gspgpu.o)
 .text.GSPGPU_FlushDataCache
                0x001051f8       0x50 C:/devkitPro/libctru/lib\libctru.a(gspgpu.o)
                0x001051f8                GSPGPU_FlushDataCache
 .text.GSPGPU_SetLcdForceBlack
                0x00105248       0x34 C:/devkitPro/libctru/lib\libctru.a(gspgpu.o)
                0x00105248                GSPGPU_SetLcdForceBlack
 .text.GSPGPU_AcquireRight
                0x0010527c       0x84 C:/devkitPro/libctru/lib\libctru.a(gspgpu.o)
                0x0010527c                GSPGPU_AcquireRight
 .text.GSPGPU_ReleaseRight
                0x00105300       0x64 C:/devkitPro/libctru/lib\libctru.a(gspgpu.o)
                0x00105300                GSPGPU_ReleaseRight
 .text.GSPGPU_ImportDisplayCaptureInfo
                0x00105364       0x7c C:/devkitPro/libctru/lib\libctru.a(gspgpu.o)
                0x00105364                GSPGPU_ImportDisplayCaptureInfo
 .text.GSPGPU_SaveVramSysArea
                0x001053e0       0x2c C:/devkitPro/libctru/lib\libctru.a(gspgpu.o)
                0x001053e0                GSPGPU_SaveVramSysArea
 .text.GSPGPU_RestoreVramSysArea
                0x0010540c       0x2c C:/devkitPro/libctru/lib\libctru.a(gspgpu.o)
                0x0010540c                GSPGPU_RestoreVramSysArea
 .text.hidShouldUseIrrst
                0x00105438       0x24 C:/devkitPro/libctru/lib\libctru.a(hid.o)
                0x00105438                hidShouldUseIrrst
 .text.hidInit  0x0010545c      0x1cc C:/devkitPro/libctru/lib\libctru.a(hid.o)
                0x0010545c                hidInit
 .text.hidExit  0x00105628       0xe8 C:/devkitPro/libctru/lib\libctru.a(hid.o)
                0x00105628                hidExit
 .text.hidScanInput
                0x00105710      0x2a0 C:/devkitPro/libctru/lib\libctru.a(hid.o)
                0x00105710                hidScanInput
 .text.hidKeysDown
                0x001059b0       0x10 C:/devkitPro/libctru/lib\libctru.a(hid.o)
                0x001059b0                hidKeysDown
 .text.irrstInit
                0x001059c0      0x1a4 C:/devkitPro/libctru/lib\libctru.a(irrst.o)
                0x001059c0                irrstInit
 .text.irrstExit
                0x00105b64       0xdc C:/devkitPro/libctru/lib\libctru.a(irrst.o)
                0x00105b64                irrstExit
 .text.irrstScanInput
                0x00105c40       0xb4 C:/devkitPro/libctru/lib\libctru.a(irrst.o)
                0x00105c40                irrstScanInput
 .text.irrstKeysHeld
                0x00105cf4       0x24 C:/devkitPro/libctru/lib\libctru.a(irrst.o)
                0x00105cf4                irrstKeysHeld
 .text.swkbdMessageCallback
                0x00105d18      0x190 C:/devkitPro/libctru/lib\libctru.a(swkbd.o)
 .text.swkbdInit
                0x00105ea8       0x84 C:/devkitPro/libctru/lib\libctru.a(swkbd.o)
                0x00105ea8                swkbdInit
 .text.swkbdSetHintText
                0x00105f2c       0x64 C:/devkitPro/libctru/lib\libctru.a(swkbd.o)
                0x00105f2c                swkbdSetHintText
 .text.swkbdInputText
                0x00105f90      0x3a8 C:/devkitPro/libctru/lib\libctru.a(swkbd.o)
                0x00105f90                swkbdInputText
 .text.utf16_to_utf8
                0x00106338       0xe8 C:/devkitPro/libctru/lib\libctru.a(utf16_to_utf8.o)
                0x00106338                utf16_to_utf8
 .text.utf8_to_utf16
                0x00106420       0xc0 C:/devkitPro/libctru/lib\libctru.a(utf8_to_utf16.o)
                0x00106420                utf8_to_utf16
 .text.__libctru_init
                0x001064e0       0x38 C:/devkitPro/libctru/lib\libctru.a(ctru_init.o)
                0x001064e0                __libctru_init
 .text.__system_initArgv
                0x00106518      0x16c C:/devkitPro/libctru/lib\libctru.a(initArgv.o)
                0x00106518                __system_initArgv
 .text.__syscall_getreent
                0x00106684       0x30 C:/devkitPro/libctru/lib\libctru.a(syscalls.o)
                0x00106684                __syscall_getreent
 .text.__syscall_lock_acquire
                0x001066b4        0x4 C:/devkitPro/libctru/lib\libctru.a(syscalls.o)
                0x001066b4                __syscall_lock_acquire
 .text.__syscall_lock_release
                0x001066b8        0x4 C:/devkitPro/libctru/lib\libctru.a(syscalls.o)
                0x001066b8                __syscall_lock_release
 .text.__syscall_lock_acquire_recursive
                0x001066bc        0x4 C:/devkitPro/libctru/lib\libctru.a(syscalls.o)
                0x001066bc                __syscall_lock_acquire_recursive
 .text.__syscall_lock_release_recursive
                0x001066c0        0x4 C:/devkitPro/libctru/lib\libctru.a(syscalls.o)
                0x001066c0                __syscall_lock_release_recursive
 .text.__syscall_exit
                0x001066c4        0x4 C:/devkitPro/libctru/lib\libctru.a(syscalls.o)
                0x001066c4                __syscall_exit
 .text.initThreadVars
                0x001066c8       0x54 C:/devkitPro/libctru/lib\libctru.a(syscalls.o)
                0x001066c8                initThreadVars
 .text.__system_initSyscalls
                0x0010671c       0x80 C:/devkitPro/libctru/lib\libctru.a(syscalls.o)
                0x0010671c                __system_initSyscalls
 .text.svcControlMemory
                0x0010679c       0x20 C:/devkitPro/libctru/lib\libctru.a(svc.o)
                0x0010679c                svcControlMemory
 .text.svcQueryMemory
                0x001067bc       0x30 C:/devkitPro/libctru/lib\libctru.a(svc.o)
                0x001067bc                svcQueryMemory
 .text.svcExitProcess
                0x001067ec        0x8 C:/devkitPro/libctru/lib\libctru.a(svc.o)
                0x001067ec                svcExitProcess
 .text.svcCreateThread
                0x001067f4       0x20 C:/devkitPro/libctru/lib\libctru.a(svc.o)
                0x001067f4                svcCreateThread
 .text.svcExitThread
                0x00106814        0x8 C:/devkitPro/libctru/lib\libctru.a(svc.o)
                0x00106814                svcExitThread
 .text.svcSleepThread
                0x0010681c        0x8 C:/devkitPro/libctru/lib\libctru.a(svc.o)
                0x0010681c                svcSleepThread
 .text.svcReleaseMutex
                0x00106824        0x8 C:/devkitPro/libctru/lib\libctru.a(svc.o)
                0x00106824                svcReleaseMutex
 .text.svcCreateEvent
                0x0010682c       0x14 C:/devkitPro/libctru/lib\libctru.a(svc.o)
                0x0010682c                svcCreateEvent
 .text.svcSignalEvent
                0x00106840        0x8 C:/devkitPro/libctru/lib\libctru.a(svc.o)
                0x00106840                svcSignalEvent
 .text.svcClearEvent
                0x00106848        0x8 C:/devkitPro/libctru/lib\libctru.a(svc.o)
                0x00106848                svcClearEvent
 .text.svcCreateMemoryBlock
                0x00106850       0x18 C:/devkitPro/libctru/lib\libctru.a(svc.o)
                0x00106850                svcCreateMemoryBlock
 .text.svcMapMemoryBlock
                0x00106868        0x8 C:/devkitPro/libctru/lib\libctru.a(svc.o)
                0x00106868                svcMapMemoryBlock
 .text.svcUnmapMemoryBlock
                0x00106870        0x8 C:/devkitPro/libctru/lib\libctru.a(svc.o)
                0x00106870                svcUnmapMemoryBlock
 .text.svcCreateAddressArbiter
                0x00106878       0x14 C:/devkitPro/libctru/lib\libctru.a(svc.o)
                0x00106878                svcCreateAddressArbiter
 .text.svcArbitrateAddressNoTimeout
                0x0010688c        0x8 C:/devkitPro/libctru/lib\libctru.a(svc.o)
                0x0010688c                svcArbitrateAddressNoTimeout
 .text.svcCloseHandle
                0x00106894        0x8 C:/devkitPro/libctru/lib\libctru.a(svc.o)
                0x00106894                svcCloseHandle
 .text.svcWaitSynchronization
                0x0010689c        0x8 C:/devkitPro/libctru/lib\libctru.a(svc.o)
                0x0010689c                svcWaitSynchronization
 .text.svcWaitSynchronizationN
                0x001068a4       0x28 C:/devkitPro/libctru/lib\libctru.a(svc.o)
                0x001068a4                svcWaitSynchronizationN
 .text.svcDuplicateHandle
                0x001068cc       0x14 C:/devkitPro/libctru/lib\libctru.a(svc.o)
                0x001068cc                svcDuplicateHandle
 .text.svcConnectToPort
                0x001068e0       0x14 C:/devkitPro/libctru/lib\libctru.a(svc.o)
                0x001068e0                svcConnectToPort
 .text.svcSendSyncRequest
                0x001068f4        0x8 C:/devkitPro/libctru/lib\libctru.a(svc.o)
                0x001068f4                svcSendSyncRequest
 .text.svcGetResourceLimit
                0x001068fc       0x14 C:/devkitPro/libctru/lib\libctru.a(svc.o)
                0x001068fc                svcGetResourceLimit
 .text.svcGetResourceLimitLimitValues
                0x00106910        0x8 C:/devkitPro/libctru/lib\libctru.a(svc.o)
                0x00106910                svcGetResourceLimitLimitValues
 .text.svcGetResourceLimitCurrentValues
                0x00106918        0x8 C:/devkitPro/libctru/lib\libctru.a(svc.o)
                0x00106918                svcGetResourceLimitCurrentValues
 .text.svcBreak
                0x00106920        0x8 C:/devkitPro/libctru/lib\libctru.a(svc.o)
                0x00106920                svcBreak
 .text.initSystem
                0x00106928       0x50 C:/devkitPro/libctru/lib\libctru.a(stack_adjust.o)
                0x00106928                initSystem
 .text.__ctru_exit
                0x00106978       0x14 C:/devkitPro/libctru/lib\libctru.a(stack_adjust.o)
                0x00106978                __ctru_exit
 .text._ZL21addrMapNodeComparatorPK11rbtree_nodeS1_
                0x0010698c       0x24 C:/devkitPro/libctru/lib\libctru.a(linear.o)
 .text._ZL21addrMapNodeDestructorP11rbtree_node
                0x001069b0        0x4 C:/devkitPro/libctru/lib\libctru.a(linear.o)
 .text.linearMemAlign
                0x001069b4      0x12c C:/devkitPro/libctru/lib\libctru.a(linear.o)
                0x001069b4                linearMemAlign
 .text.linearAlloc
                0x00106ae0        0x8 C:/devkitPro/libctru/lib\libctru.a(linear.o)
                0x00106ae0                linearAlloc
 .text.linearFree
                0x00106ae8       0x5c C:/devkitPro/libctru/lib\libctru.a(linear.o)
                0x00106ae8                linearFree
 .text._ZN7MemPool13CoalesceRightEP8MemBlock
                0x00106b44       0x88 C:/devkitPro/libctru/lib\libctru.a(mem_pool.o)
                0x00106b44                MemPool::CoalesceRight(MemBlock*)
 .text._ZN7MemPool8AllocateER8MemChunkmi
                0x00106bcc      0x178 C:/devkitPro/libctru/lib\libctru.a(mem_pool.o)
                0x00106bcc                MemPool::Allocate(MemChunk&, unsigned long, int)
 .text._ZN7MemPool10DeallocateERK8MemChunk
                0x00106d44      0x118 C:/devkitPro/libctru/lib\libctru.a(mem_pool.o)
                0x00106d44                MemPool::Deallocate(MemChunk const&)
 .text._ZN7MemPool12GetFreeSpaceEv
                0x00106e5c       0x30 C:/devkitPro/libctru/lib\libctru.a(mem_pool.o)
                0x00106e5c                MemPool::GetFreeSpace()
 .text._ZL21addrMapNodeComparatorPK11rbtree_nodeS1_
                0x00106e8c       0x24 C:/devkitPro/libctru/lib\libctru.a(vram.o)
 .text._ZL21addrMapNodeDestructorP11rbtree_node
                0x00106eb0        0x4 C:/devkitPro/libctru/lib\libctru.a(vram.o)
 .text.vramMemAlignAt
                0x00106eb4      0x248 C:/devkitPro/libctru/lib\libctru.a(vram.o)
                0x00106eb4                vramMemAlignAt
 .text.vramAlloc
                0x001070fc        0xc C:/devkitPro/libctru/lib\libctru.a(vram.o)
                0x001070fc                vramAlloc
 .text.vramFree
                0x00107108       0x94 C:/devkitPro/libctru/lib\libctru.a(vram.o)
                0x00107108                vramFree
 .text.envGetHandle
                0x0010719c       0x8c C:/devkitPro/libctru/lib\libctru.a(env.o)
                0x0010719c                envGetHandle
 .text.envDestroyHandles
                0x00107228       0x50 C:/devkitPro/libctru/lib\libctru.a(env.o)
                0x00107228                envDestroyHandles
 .text.__ctru_speedup_config
                0x00107278       0x34 C:/devkitPro/libctru/lib\libctru.a(os.o)
                0x00107278                __ctru_speedup_config
 .text.srvInit  0x001072ac      0x164 C:/devkitPro/libctru/lib\libctru.a(srv.o)
                0x001072ac                srvInit
 .text.srvExit  0x00107410       0x64 C:/devkitPro/libctru/lib\libctru.a(srv.o)
                0x00107410                srvExit
 .text.srvEnableNotification
                0x00107474       0x60 C:/devkitPro/libctru/lib\libctru.a(srv.o)
                0x00107474                srvEnableNotification
 .text.srvGetServiceHandleDirect
                0x001074d4       0xa0 C:/devkitPro/libctru/lib\libctru.a(srv.o)
                0x001074d4                srvGetServiceHandleDirect
 .text.srvGetServiceHandle
                0x00107574       0x48 C:/devkitPro/libctru/lib\libctru.a(srv.o)
                0x00107574                srvGetServiceHandle
 .text.srvSubscribe
                0x001075bc       0x34 C:/devkitPro/libctru/lib\libctru.a(srv.o)
                0x001075bc                srvSubscribe
 .text.srvReceiveNotification
                0x001075f0       0x60 C:/devkitPro/libctru/lib\libctru.a(srv.o)
                0x001075f0                srvReceiveNotification
 .text.srvPublishToSubscriber
                0x00107650       0x38 C:/devkitPro/libctru/lib\libctru.a(srv.o)
                0x00107650                srvPublishToSubscriber
 .text.__sync_init
                0x00107688        0xc C:/devkitPro/libctru/lib\libctru.a(synchronization.o)
                0x00107688                __sync_init
 .text.__sync_fini
                0x00107694       0x18 C:/devkitPro/libctru/lib\libctru.a(synchronization.o)
                0x00107694                __sync_fini
 .text.syncArbitrateAddress
                0x001076ac       0x28 C:/devkitPro/libctru/lib\libctru.a(synchronization.o)
                0x001076ac                syncArbitrateAddress
 .text.LightLock_Lock
                0x001076d4       0xac C:/devkitPro/libctru/lib\libctru.a(synchronization.o)
                0x001076d4                LightLock_Lock
 .text.LightLock_Unlock
                0x00107780       0x40 C:/devkitPro/libctru/lib\libctru.a(synchronization.o)
                0x00107780                LightLock_Unlock
 .text.RecursiveLock_Lock
                0x001077c0       0x54 C:/devkitPro/libctru/lib\libctru.a(synchronization.o)
                0x001077c0                RecursiveLock_Lock
 .text.RecursiveLock_Unlock
                0x00107814       0x54 C:/devkitPro/libctru/lib\libctru.a(synchronization.o)
                0x00107814                RecursiveLock_Unlock
 .text.LightEvent_Init
                0x00107868       0x44 C:/devkitPro/libctru/lib\libctru.a(synchronization.o)
                0x00107868                LightEvent_Init
 .text.LightEvent_Clear
                0x001078ac       0xb8 C:/devkitPro/libctru/lib\libctru.a(synchronization.o)
                0x001078ac                LightEvent_Clear
 .text.LightEvent_Signal
                0x00107964       0xdc C:/devkitPro/libctru/lib\libctru.a(synchronization.o)
                0x00107964                LightEvent_Signal
 .text.LightEvent_TryWait
                0x00107a40       0x50 C:/devkitPro/libctru/lib\libctru.a(synchronization.o)
                0x00107a40                LightEvent_TryWait
 .text.LightEvent_Wait
                0x00107a90       0xac C:/devkitPro/libctru/lib\libctru.a(synchronization.o)
                0x00107a90                LightEvent_Wait
 .text.threadCreate
                0x00107b3c      0x1fc C:/devkitPro/libctru/lib\libctru.a(thread.o)
                0x00107b3c                threadCreate
 .text.threadFree
                0x00107d38       0x38 C:/devkitPro/libctru/lib\libctru.a(thread.o)
                0x00107d38                threadFree
 .text.threadJoin
                0x00107d70       0x24 C:/devkitPro/libctru/lib\libctru.a(thread.o)
                0x00107d70                threadJoin
 .text.threadGetCurrent
                0x00107d94       0x30 C:/devkitPro/libctru/lib\libctru.a(thread.o)
                0x00107d94                threadGetCurrent
 .text.threadExit
                0x00107dc4       0x40 C:/devkitPro/libctru/lib\libctru.a(thread.o)
                0x00107dc4                threadExit
 .text._thread_begin
                0x00107e04       0x20 C:/devkitPro/libctru/lib\libctru.a(thread.o)
 .text.mappableFindAddressWithin
                0x00107e24       0x90 C:/devkitPro/libctru/lib\libctru.a(mappable.o)
 .text.mappableInit
                0x00107eb4       0x28 C:/devkitPro/libctru/lib\libctru.a(mappable.o)
                0x00107eb4                mappableInit
 .text.mappableAlloc
                0x00107edc       0x7c C:/devkitPro/libctru/lib\libctru.a(mappable.o)
                0x00107edc                mappableAlloc
 .text.mappableFree
                0x00107f58        0x4 C:/devkitPro/libctru/lib\libctru.a(mappable.o)
                0x00107f58                mappableFree
 .text.ptmSysmInit
                0x00107f5c       0x78 C:/devkitPro/libctru/lib\libctru.a(ptmsysm.o)
                0x00107f5c                ptmSysmInit
 .text.ptmSysmExit
                0x00107fd4       0x3c C:/devkitPro/libctru/lib\libctru.a(ptmsysm.o)
                0x00107fd4                ptmSysmExit
 .text.PTMSYSM_ConfigureNew3DSCPU
                0x00108010       0x34 C:/devkitPro/libctru/lib\libctru.a(ptmsysm.o)
                0x00108010                PTMSYSM_ConfigureNew3DSCPU
 .text.srvPmGetSessionHandle
                0x00108044        0xc C:/devkitPro/libctru/lib\libctru.a(srvpm.o)
                0x00108044                srvPmGetSessionHandle
 .text.rbtree_find
                0x00108050       0x74 C:/devkitPro/libctru/lib\libctru.a(rbtree_find.o)
                0x00108050                rbtree_find
 .text.rbtree_init
                0x001080c4       0x10 C:/devkitPro/libctru/lib\libctru.a(rbtree_init.o)
                0x001080c4                rbtree_init
 .text.do_insert
                0x001080d4      0x198 C:/devkitPro/libctru/lib\libctru.a(rbtree_insert.o)
 .text.rbtree_insert
                0x0010826c        0x8 C:/devkitPro/libctru/lib\libctru.a(rbtree_insert.o)
                0x0010826c                rbtree_insert
 .text.rbtree_remove
                0x00108274      0x310 C:/devkitPro/libctru/lib\libctru.a(rbtree_remove.o)
                0x00108274                rbtree_remove
 .text.rbtree_rotate
                0x00108584       0x90 C:/devkitPro/libctru/lib\libctru.a(rbtree_rotate.o)
                0x00108584                rbtree_rotate
 .text.decode_utf16
                0x00108614       0x54 C:/devkitPro/libctru/lib\libctru.a(decode_utf16.o)
                0x00108614                decode_utf16
 .text.decode_utf8
                0x00108668      0x140 C:/devkitPro/libctru/lib\libctru.a(decode_utf8.o)
                0x00108668                decode_utf8
 .text.encode_utf16
                0x001087a8       0x54 C:/devkitPro/libctru/lib\libctru.a(encode_utf16.o)
                0x001087a8                encode_utf16
 .text.encode_utf8
                0x001087fc       0xe0 C:/devkitPro/libctru/lib\libctru.a(encode_utf8.o)
                0x001087fc                encode_utf8
 *fill*         0x001088dc        0x4 
 .text.__system_allocateHeaps
                0x001088e0      0x1e8 C:/devkitPro/libctru/lib\libctru.a(allocateHeaps.o)
                0x001088e0                __system_allocateHeaps
 .text.__appExit
                0x00108ac8       0x30 C:/devkitPro/libctru/lib\libctru.a(appExit.o)
                0x00108ac8                __appExit
 .text.__appInit
                0x00108af8       0x30 C:/devkitPro/libctru/lib\libctru.a(appInit.o)
                0x00108af8                __appInit
 .text.__libctru_exit
                0x00108b28       0x90 C:/devkitPro/libctru/lib\libctru.a(ctru_exit.o)
                0x00108b28                __libctru_exit
 .text.error_cmp
                0x00108bb8       0x24 C:/devkitPro/libctru/lib\libctru.a(archive_dev.o)
 .text.archive_translate_error
                0x00108bdc       0x50 C:/devkitPro/libctru/lib\libctru.a(archive_dev.o)
 .text.archive_seek
                0x00108c2c       0xc0 C:/devkitPro/libctru/lib\libctru.a(archive_dev.o)
 .text._archiveInit.part.0
                0x00108cec       0x78 C:/devkitPro/libctru/lib\libctru.a(archive_dev.o)
 .text.archiveFindDevice.part.0
                0x00108d64      0x110 C:/devkitPro/libctru/lib\libctru.a(archive_dev.o)
 .text.archive_utf16path
                0x00108e74      0x298 C:/devkitPro/libctru/lib\libctru.a(archive_dev.o)
 .text._archiveUnmountDeviceStruct.part.0
                0x0010910c       0x98 C:/devkitPro/libctru/lib\libctru.a(archive_dev.o)
 .text._archiveMountDevice
                0x001091a4      0x178 C:/devkitPro/libctru/lib\libctru.a(archive_dev.o)
 .text.archive_diropen
                0x0010931c       0xf8 C:/devkitPro/libctru/lib\libctru.a(archive_dev.o)
 .text.archive_fstat
                0x00109414       0xac C:/devkitPro/libctru/lib\libctru.a(archive_dev.o)
 .text.archive_fsync
                0x001094c0       0x74 C:/devkitPro/libctru/lib\libctru.a(archive_dev.o)
 .text.archive_close
                0x00109534       0x74 C:/devkitPro/libctru/lib\libctru.a(archive_dev.o)
 .text.archive_dirclose
                0x001095a8       0x78 C:/devkitPro/libctru/lib\libctru.a(archive_dev.o)
 .text.sdmc_statvfs
                0x00109620       0xec C:/devkitPro/libctru/lib\libctru.a(archive_dev.o)
 .text.archive_chdir
                0x0010970c       0xf8 C:/devkitPro/libctru/lib\libctru.a(archive_dev.o)
 .text.archive_ftruncate
                0x00109804       0x8c C:/devkitPro/libctru/lib\libctru.a(archive_dev.o)
 .text.archive_read
                0x00109890       0xbc C:/devkitPro/libctru/lib\libctru.a(archive_dev.o)
 .text.archive_unlink
                0x0010994c       0xa8 C:/devkitPro/libctru/lib\libctru.a(archive_dev.o)
 .text.archive_rmdir
                0x001099f4       0xc0 C:/devkitPro/libctru/lib\libctru.a(archive_dev.o)
 .text.archive_mkdir
                0x00109ab4       0xd8 C:/devkitPro/libctru/lib\libctru.a(archive_dev.o)
 .text.archive_stat
                0x00109b8c      0x1a0 C:/devkitPro/libctru/lib\libctru.a(archive_dev.o)
 .text.archive_dirnext
                0x00109d2c      0x164 C:/devkitPro/libctru/lib\libctru.a(archive_dev.o)
 .text.archive_write
                0x00109e90      0x13c C:/devkitPro/libctru/lib\libctru.a(archive_dev.o)
 *fill*         0x00109fcc        0x4 
 .text.archive_open
                0x00109fd0      0x254 C:/devkitPro/libctru/lib\libctru.a(archive_dev.o)
 .text.archive_rename
                0x0010a224      0x270 C:/devkitPro/libctru/lib\libctru.a(archive_dev.o)
 .text.archiveMountSdmc
                0x0010a494      0x1c8 C:/devkitPro/libctru/lib\libctru.a(archive_dev.o)
                0x0010a494                archiveMountSdmc
 .text.archiveUnmountAll
                0x0010a65c       0x54 C:/devkitPro/libctru/lib\libctru.a(archive_dev.o)
                0x0010a65c                archiveUnmountAll
 .text.fsInit   0x0010a6b0      0x104 C:/devkitPro/libctru/lib\libctru.a(fs.o)
                0x0010a6b0                fsInit
 .text.fsExit   0x0010a7b4       0x3c C:/devkitPro/libctru/lib\libctru.a(fs.o)
                0x0010a7b4                fsExit
 .text.fsExemptFromSession
                0x0010a7f0       0x68 C:/devkitPro/libctru/lib\libctru.a(fs.o)
                0x0010a7f0                fsExemptFromSession
 .text.fsUnexemptFromSession
                0x0010a858       0x50 C:/devkitPro/libctru/lib\libctru.a(fs.o)
                0x0010a858                fsUnexemptFromSession
 .text.FSUSER_OpenFile
                0x0010a8a8       0xcc C:/devkitPro/libctru/lib\libctru.a(fs.o)
                0x0010a8a8                FSUSER_OpenFile
 .text.FSUSER_DeleteFile
                0x0010a974       0xb8 C:/devkitPro/libctru/lib\libctru.a(fs.o)
                0x0010a974                FSUSER_DeleteFile
 .text.FSUSER_RenameFile
                0x0010aa2c       0xf4 C:/devkitPro/libctru/lib\libctru.a(fs.o)
                0x0010aa2c                FSUSER_RenameFile
 .text.FSUSER_DeleteDirectory
                0x0010ab20       0xb8 C:/devkitPro/libctru/lib\libctru.a(fs.o)
                0x0010ab20                FSUSER_DeleteDirectory
 .text.FSUSER_CreateFile
                0x0010abd8       0xd0 C:/devkitPro/libctru/lib\libctru.a(fs.o)
                0x0010abd8                FSUSER_CreateFile
 .text.FSUSER_CreateDirectory
                0x0010aca8       0xc0 C:/devkitPro/libctru/lib\libctru.a(fs.o)
                0x0010aca8                FSUSER_CreateDirectory
 .text.FSUSER_RenameDirectory
                0x0010ad68       0xf4 C:/devkitPro/libctru/lib\libctru.a(fs.o)
                0x0010ad68                FSUSER_RenameDirectory
 .text.FSUSER_OpenDirectory
                0x0010ae5c       0xb4 C:/devkitPro/libctru/lib\libctru.a(fs.o)
                0x0010ae5c                FSUSER_OpenDirectory
 .text.FSUSER_OpenArchive
                0x0010af10       0x90 C:/devkitPro/libctru/lib\libctru.a(fs.o)
                0x0010af10                FSUSER_OpenArchive
 .text.FSUSER_CloseArchive
                0x0010afa0       0x8c C:/devkitPro/libctru/lib\libctru.a(fs.o)
                0x0010afa0                FSUSER_CloseArchive
 .text.FSUSER_GetSdmcArchiveResource
                0x0010b02c       0x74 C:/devkitPro/libctru/lib\libctru.a(fs.o)
                0x0010b02c                FSUSER_GetSdmcArchiveResource
 .text.FSUSER_IsSdmcWritable
                0x0010b0a0       0x64 C:/devkitPro/libctru/lib\libctru.a(fs.o)
                0x0010b0a0                FSUSER_IsSdmcWritable
 .text.FSFILE_Read
                0x0010b104       0x64 C:/devkitPro/libctru/lib\libctru.a(fs.o)
                0x0010b104                FSFILE_Read
 .text.FSFILE_Write
                0x0010b168       0x6c C:/devkitPro/libctru/lib\libctru.a(fs.o)
                0x0010b168                FSFILE_Write
 .text.FSFILE_GetSize
                0x0010b1d4       0x44 C:/devkitPro/libctru/lib\libctru.a(fs.o)
                0x0010b1d4                FSFILE_GetSize
 .text.FSFILE_SetSize
                0x0010b218       0x28 C:/devkitPro/libctru/lib\libctru.a(fs.o)
                0x0010b218                FSFILE_SetSize
 .text.FSFILE_Close
                0x0010b240       0x3c C:/devkitPro/libctru/lib\libctru.a(fs.o)
                0x0010b240                FSFILE_Close
 .text.FSFILE_Flush
                0x0010b27c       0x24 C:/devkitPro/libctru/lib\libctru.a(fs.o)
                0x0010b27c                FSFILE_Flush
 .text.FSDIR_Read
                0x0010b2a0       0x60 C:/devkitPro/libctru/lib\libctru.a(fs.o)
                0x0010b2a0                FSDIR_Read
 .text.FSDIR_Close
                0x0010b300       0x3c C:/devkitPro/libctru/lib\libctru.a(fs.o)
                0x0010b300                FSDIR_Close
 .text.rbtree_node_next
                0x0010b33c       0x60 C:/devkitPro/libctru/lib\libctru.a(rbtree_iterator.o)
                0x0010b33c                rbtree_node_next
 .text.__aeabi_read_tp
                0x0010b39c        0xc C:/devkitPro/libctru/lib\libctru.a(readtp.o)
                0x0010b39c                __aeabi_read_tp
 .text.__udivmoddi4
                0x0010b3a8      0x130 C:/devkitPro/devkitARM/bin/../lib/gcc/arm-none-eabi/16.1.0/armv6k/fpu\libgcc.a(_udivmoddi4.o)
                0x0010b3a8                __udivmoddi4
 .text.strncat  0x0010b4d8       0xe4 C:/devkitPro/devkitARM/bin/../lib/gcc/arm-none-eabi/16.1.0/../../../../arm-none-eabi/lib/armv6k/fpu\libg.a(libc_a-strncat.o)
                0x0010b4d8                strncat
 .text.strcat   0x0010b5bc       0xbc C:/devkitPro/devkitARM/bin/../lib/gcc/arm-none-eabi/16.1.0/../../../../arm-none-eabi/lib/armv6k/fpu\libg.a(libc_a-strcat.o)
                0x0010b5bc                strcat
 .text.memcpy   0x0010b678      0x128 C:/devkitPro/devkitARM/bin/../lib/gcc/arm-none-eabi/16.1.0/../../../../arm-none-eabi/lib/armv6k/fpu\libg.a(libc_a-memcpy-stub.o)
                0x0010b678                memcpy
 .text.strlen   0x0010b7a0       0x8c C:/devkitPro/devkitARM/bin/../lib/gcc/arm-none-eabi/16.1.0/../../../../arm-none-eabi/lib/armv6k/fpu\libg.a(libc_a-strlen.o)
                0x0010b7a0                strlen
 .text.bsearch  0x0010b82c       0x78 C:/devkitPro/devkitARM/bin/../lib/gcc/arm-none-eabi/16.1.0/../../../../arm-none-eabi/lib/armv6k/fpu\libg.a(libc_a-bsearch.o)
                0x0010b82c                bsearch
 .text.memalign
                0x0010b8a4       0x28 C:/devkitPro/devkitARM/bin/../lib/gcc/arm-none-eabi/16.1.0/../../../../arm-none-eabi/lib/armv6k/fpu\libg.a(libc_a-malign.o)
                0x0010b8a4                memalign
 .text.printf   0x0010b8cc       0x34 C:/devkitPro/devkitARM/bin/../lib/gcc/arm-none-eabi/16.1.0/../../../../arm-none-eabi/lib/armv6k/fpu\libg.a(libc_a-printf.o)
                0x0010b8cc                printf
 .text._strtoul_l.isra.0
                0x0010b900      0x1ec C:/devkitPro/devkitARM/bin/../lib/gcc/arm-none-eabi/16.1.0/../../../../arm-none-eabi/lib/armv6k/fpu\libg.a(libc_a-strtoul.o)
 .text.strtoul  0x0010baec       0x3c C:/devkitPro/devkitARM/bin/../lib/gcc/arm-none-eabi/16.1.0/../../../../arm-none-eabi/lib/armv6k/fpu\libg.a(libc_a-strtoul.o)
                0x0010baec                strtoul
 .text._memalign_r
                0x0010bb28      0x16c C:/devkitPro/devkitARM/bin/../lib/gcc/arm-none-eabi/16.1.0/../../../../arm-none-eabi/lib/armv6k/fpu\libg.a(libc_a-malignr.o)
                0x0010bb28                _memalign_r
 .text.__errno  0x0010bc94        0xc C:/devkitPro/devkitARM/bin/../lib/gcc/arm-none-eabi/16.1.0/../../../../arm-none-eabi/lib/armv6k/fpu\libg.a(libc_a-errno.o)
                0x0010bc94                __errno
 .text.strcpy   0x0010bca0       0xf0 C:/devkitPro/devkitARM/bin/../lib/gcc/arm-none-eabi/16.1.0/../../../../arm-none-eabi/lib/armv6k/fpu\libg.a(libc_a-strcpy.o)
                0x0010bca0                strcpy
 .text.memset   0x0010bd90       0xe4 C:/devkitPro/devkitARM/bin/../lib/gcc/arm-none-eabi/16.1.0/../../../../arm-none-eabi/lib/armv6k/fpu\libg.a(libc_a-memset.o)
                0x0010bd90                memset
 .text.__sflush_r
                0x0010be74      0x22c C:/devkitPro/devkitARM/bin/../lib/gcc/arm-none-eabi/16.1.0/../../../../arm-none-eabi/lib/armv6k/fpu\libg.a(libc_a-fflush.o)
                0x0010be74                __sflush_r
 .text._fflush_r
                0x0010c0a0       0xc4 C:/devkitPro/devkitARM/bin/../lib/gcc/arm-none-eabi/16.1.0/../../../../arm-none-eabi/lib/armv6k/fpu\libg.a(libc_a-fflush.o)
                0x0010c0a0                _fflush_r
 .text._malloc_r
                0x0010c164      0x82c C:/devkitPro/devkitARM/bin/../lib/gcc/arm-none-eabi/16.1.0/../../../../arm-none-eabi/lib/armv6k/fpu\libg.a(libc_a-mallocr.o)
                0x0010c164                _malloc_r
 .text._malloc_trim_r
                0x0010c990      0x114 C:/devkitPro/devkitARM/bin/../lib/gcc/arm-none-eabi/16.1.0/../../../../arm-none-eabi/lib/armv6k/fpu\libg.a(libc_a-freer.o)
                0x0010c990                _malloc_trim_r
 .text._free_r  0x0010caa4      0x314 C:/devkitPro/devkitARM/bin/../lib/gcc/arm-none-eabi/16.1.0/../../../../arm-none-eabi/lib/armv6k/fpu\libg.a(libc_a-freer.o)
                0x0010caa4                _free_r
 .text.setvbuf  0x0010cdb8      0x294 C:/devkitPro/devkitARM/bin/../lib/gcc/arm-none-eabi/16.1.0/../../../../arm-none-eabi/lib/armv6k/fpu\libg.a(libc_a-setvbuf.o)
                0x0010cdb8                setvbuf
 .text.stdio_exit_handler
                0x0010d04c       0x1c C:/devkitPro/devkitARM/bin/../lib/gcc/arm-none-eabi/16.1.0/../../../../arm-none-eabi/lib/armv6k/fpu\libg.a(libc_a-findfp.o)
 .text.cleanup_stdio
                0x0010d068       0x5c C:/devkitPro/devkitARM/bin/../lib/gcc/arm-none-eabi/16.1.0/../../../../arm-none-eabi/lib/armv6k/fpu\libg.a(libc_a-findfp.o)
 .text.global_stdio_init.part.0
                0x0010d0c4      0x154 C:/devkitPro/devkitARM/bin/../lib/gcc/arm-none-eabi/16.1.0/../../../../arm-none-eabi/lib/armv6k/fpu\libg.a(libc_a-findfp.o)
 .text.__sinit  0x0010d218       0x5c C:/devkitPro/devkitARM/bin/../lib/gcc/arm-none-eabi/16.1.0/../../../../arm-none-eabi/lib/armv6k/fpu\libg.a(libc_a-findfp.o)
                0x0010d218                __sinit
 .text.__sfp_lock_acquire
                0x0010d274        0xc C:/devkitPro/devkitARM/bin/../lib/gcc/arm-none-eabi/16.1.0/../../../../arm-none-eabi/lib/armv6k/fpu\libg.a(libc_a-findfp.o)
                0x0010d274                __sfp_lock_acquire
 .text.__sfp_lock_release
                0x0010d280        0xc C:/devkitPro/devkitARM/bin/../lib/gcc/arm-none-eabi/16.1.0/../../../../arm-none-eabi/lib/armv6k/fpu\libg.a(libc_a-findfp.o)
                0x0010d280                __sfp_lock_release
 .text.__libc_init_array
                0x0010d28c       0x84 C:/devkitPro/devkitARM/bin/../lib/gcc/arm-none-eabi/16.1.0/../../../../arm-none-eabi/lib/armv6k/fpu\libg.a(libc_a-init.o)
                0x0010d28c                __libc_init_array
 .text.strncpy  0x0010d310       0xd4 C:/devkitPro/devkitARM/bin/../lib/gcc/arm-none-eabi/16.1.0/../../../../arm-none-eabi/lib/armv6k/fpu\libg.a(libc_a-strncpy.o)
                0x0010d310                strncpy
 .text.malloc   0x0010d3e4       0x40 C:/devkitPro/devkitARM/bin/../lib/gcc/arm-none-eabi/16.1.0/../../../../arm-none-eabi/lib/armv6k/fpu\libg.a(libc_a-malloc.o)
                0x0010d3e4                malloc
 .text.free     0x0010d424       0x20 C:/devkitPro/devkitARM/bin/../lib/gcc/arm-none-eabi/16.1.0/../../../../arm-none-eabi/lib/armv6k/fpu\libg.a(libc_a-malloc.o)
                0x0010d424                free
 .text._puts_r  0x0010d444       0xe0 C:/devkitPro/devkitARM/bin/../lib/gcc/arm-none-eabi/16.1.0/../../../../arm-none-eabi/lib/armv6k/fpu\libg.a(libc_a-puts.o)
                0x0010d444                _puts_r
 .text.puts     0x0010d524       0x20 C:/devkitPro/devkitARM/bin/../lib/gcc/arm-none-eabi/16.1.0/../../../../arm-none-eabi/lib/armv6k/fpu\libg.a(libc_a-puts.o)
                0x0010d524                puts
 .text.stpcpy   0x0010d544       0x70 C:/devkitPro/devkitARM/bin/../lib/gcc/arm-none-eabi/16.1.0/../../../../arm-none-eabi/lib/armv6k/fpu\libg.a(libc_a-stpcpy.o)
                0x0010d544                stpcpy
 .text.__sread  0x0010d5b4       0x44 C:/devkitPro/devkitARM/bin/../lib/gcc/arm-none-eabi/16.1.0/../../../../arm-none-eabi/lib/armv6k/fpu\libg.a(libc_a-stdio.o)
                0x0010d5b4                __sread
 .text.__swrite
                0x0010d5f8       0x68 C:/devkitPro/devkitARM/bin/../lib/gcc/arm-none-eabi/16.1.0/../../../../arm-none-eabi/lib/armv6k/fpu\libg.a(libc_a-stdio.o)
                0x0010d5f8                __swrite
 .text.__sseek  0x0010d660       0x40 C:/devkitPro/devkitARM/bin/../lib/gcc/arm-none-eabi/16.1.0/../../../../arm-none-eabi/lib/armv6k/fpu\libg.a(libc_a-stdio.o)
                0x0010d660                __sseek
 .text.__sclose
                0x0010d6a0        0x8 C:/devkitPro/devkitARM/bin/../lib/gcc/arm-none-eabi/16.1.0/../../../../arm-none-eabi/lib/armv6k/fpu\libg.a(libc_a-stdio.o)
                0x0010d6a0                __sclose
 .text.__malloc_lock
                0x0010d6a8        0xc C:/devkitPro/devkitARM/bin/../lib/gcc/arm-none-eabi/16.1.0/../../../../arm-none-eabi/lib/armv6k/fpu\libg.a(libc_a-mlock.o)
                0x0010d6a8                __malloc_lock
 .text.__malloc_unlock
                0x0010d6b4        0xc C:/devkitPro/devkitARM/bin/../lib/gcc/arm-none-eabi/16.1.0/../../../../arm-none-eabi/lib/armv6k/fpu\libg.a(libc_a-mlock.o)
                0x0010d6b4                __malloc_unlock
 .text._fclose_r
                0x0010d6c0      0x148 C:/devkitPro/devkitARM/bin/../lib/gcc/arm-none-eabi/16.1.0/../../../../arm-none-eabi/lib/armv6k/fpu\libg.a(libc_a-fclose.o)
                0x0010d6c0                _fclose_r
 .text.__call_exitprocs
                0x0010d808        0x4 C:/devkitPro/devkitARM/bin/../lib/gcc/arm-none-eabi/16.1.0/../../../../arm-none-eabi/lib/armv6k/fpu\libg.a(libc_a-exit.o)
                0x0010d808                __call_exitprocs
 .text.exit     0x0010d80c       0x30 C:/devkitPro/devkitARM/bin/../lib/gcc/arm-none-eabi/16.1.0/../../../../arm-none-eabi/lib/armv6k/fpu\libg.a(libc_a-exit.o)
                0x0010d80c                exit
 .text.strtok   0x0010d83c       0x30 C:/devkitPro/devkitARM/bin/../lib/gcc/arm-none-eabi/16.1.0/../../../../arm-none-eabi/lib/armv6k/fpu\libg.a(libc_a-strtok.o)
                0x0010d83c                strtok
 .text.__libc_fini_array
                0x0010d86c       0x3c C:/devkitPro/devkitARM/bin/../lib/gcc/arm-none-eabi/16.1.0/../../../../arm-none-eabi/lib/armv6k/fpu\libg.a(libc_a-fini.o)
                0x0010d86c                __libc_fini_array
 .text.strnlen  0x0010d8a8       0x3c C:/devkitPro/devkitARM/bin/../lib/gcc/arm-none-eabi/16.1.0/../../../../arm-none-eabi/lib/armv6k/fpu\libg.a(libc_a-strnlen.o)
                0x0010d8a8                strnlen
 .text.strncmp  0x0010d8e4       0xd8 C:/devkitPro/devkitARM/bin/../lib/gcc/arm-none-eabi/16.1.0/../../../../arm-none-eabi/lib/armv6k/fpu\libg.a(libc_a-strncmp.o)
                0x0010d8e4                strncmp
 .text.__strtok_r
                0x0010d9bc       0xbc C:/devkitPro/devkitARM/bin/../lib/gcc/arm-none-eabi/16.1.0/../../../../arm-none-eabi/lib/armv6k/fpu\libg.a(libc_a-strtok_r.o)
                0x0010d9bc                __strtok_r
 .text._fwalk_sglue
                0x0010da78       0x70 C:/devkitPro/devkitARM/bin/../lib/gcc/arm-none-eabi/16.1.0/../../../../arm-none-eabi/lib/armv6k/fpu\libg.a(libc_a-fwalk.o)
                0x0010da78                _fwalk_sglue
 .text.get_arg  0x0010dae8      0x5e0 C:/devkitPro/devkitARM/bin/../lib/gcc/arm-none-eabi/16.1.0/../../../../arm-none-eabi/lib/armv6k/fpu\libg.a(libc_a-vfprintf.o)
 .text._vfprintf_r
                0x0010e0c8     0x3554 C:/devkitPro/devkitARM/bin/../lib/gcc/arm-none-eabi/16.1.0/../../../../arm-none-eabi/lib/armv6k/fpu\libg.a(libc_a-vfprintf.o)
                0x0010e0c8                _vfprintf_r
 .text.__sbprintf
                0x0011161c       0xb4 C:/devkitPro/devkitARM/bin/../lib/gcc/arm-none-eabi/16.1.0/../../../../arm-none-eabi/lib/armv6k/fpu\libg.a(libc_a-vfprintf.o)
 .text._wcrtomb_r
                0x001116d0       0xa0 C:/devkitPro/devkitARM/bin/../lib/gcc/arm-none-eabi/16.1.0/../../../../arm-none-eabi/lib/armv6k/fpu\libg.a(libc_a-wcrtomb.o)
                0x001116d0                _wcrtomb_r
 .text.__sfvwrite_r
                0x00111770      0x4a4 C:/devkitPro/devkitARM/bin/../lib/gcc/arm-none-eabi/16.1.0/../../../../arm-none-eabi/lib/armv6k/fpu\libg.a(libc_a-fvwrite.o)
                0x00111770                __sfvwrite_r
 .text.__smakebuf_r
                0x00111c14      0x164 C:/devkitPro/devkitARM/bin/../lib/gcc/arm-none-eabi/16.1.0/../../../../arm-none-eabi/lib/armv6k/fpu\libg.a(libc_a-makebuf.o)
                0x00111c14                __smakebuf_r
 .text.__swhatbuf_r
                0x00111d78       0x90 C:/devkitPro/devkitARM/bin/../lib/gcc/arm-none-eabi/16.1.0/../../../../arm-none-eabi/lib/armv6k/fpu\libg.a(libc_a-makebuf.o)
                0x00111d78                __swhatbuf_r
 .text.__locale_mb_cur_max
                0x00111e08       0x24 C:/devkitPro/devkitARM/bin/../lib/gcc/arm-none-eabi/16.1.0/../../../../arm-none-eabi/lib/armv6k/fpu\libg.a(libc_a-locale.o)
                0x00111e08                __locale_mb_cur_max
 .text.__sprint_r
                0x00111e2c       0x30 C:/devkitPro/devkitARM/bin/../lib/gcc/arm-none-eabi/16.1.0/../../../../arm-none-eabi/lib/armv6k/fpu\libg.a(libc_a-sprint_r.o)
                0x00111e2c                __sprint_r
 .text.quorem   0x00111e5c      0x1c0 C:/devkitPro/devkitARM/bin/../lib/gcc/arm-none-eabi/16.1.0/../../../../arm-none-eabi/lib/armv6k/fpu\libg.a(libc_a-dtoa.o)
 *fill*         0x0011201c        0x4 
 .text._dtoa_r  0x00112020     0x1420 C:/devkitPro/devkitARM/bin/../lib/gcc/arm-none-eabi/16.1.0/../../../../arm-none-eabi/lib/armv6k/fpu\libg.a(libc_a-dtoa.o)
                0x00112020                _dtoa_r
 .text.memchr   0x00113440       0xe8 C:/devkitPro/devkitARM/bin/../lib/gcc/arm-none-eabi/16.1.0/../../../../arm-none-eabi/lib/armv6k/fpu\libg.a(libc_a-memchr-stub.o)
                0x00113440                memchr
 .text._wcsrtombs_r
                0x00113528       0x28 C:/devkitPro/devkitARM/bin/../lib/gcc/arm-none-eabi/16.1.0/../../../../arm-none-eabi/lib/armv6k/fpu\libg.a(libc_a-wcsrtombs.o)
                0x00113528                _wcsrtombs_r
 .text.__swsetup_r
                0x00113550      0x140 C:/devkitPro/devkitARM/bin/../lib/gcc/arm-none-eabi/16.1.0/../../../../arm-none-eabi/lib/armv6k/fpu\libg.a(libc_a-wsetup.o)
                0x00113550                __swsetup_r
 .text._localeconv_r
                0x00113690       0x24 C:/devkitPro/devkitARM/bin/../lib/gcc/arm-none-eabi/16.1.0/../../../../arm-none-eabi/lib/armv6k/fpu\libg.a(libc_a-localeconv.o)
                0x00113690                _localeconv_r
 .text.memmove  0x001136b4      0x1a8 C:/devkitPro/devkitARM/bin/../lib/gcc/arm-none-eabi/16.1.0/../../../../arm-none-eabi/lib/armv6k/fpu\libg.a(libc_a-memmove.o)
                0x001136b4                memmove
 .text._realloc_r
                0x0011385c      0x4f0 C:/devkitPro/devkitARM/bin/../lib/gcc/arm-none-eabi/16.1.0/../../../../arm-none-eabi/lib/armv6k/fpu\libg.a(libc_a-reallocr.o)
                0x0011385c                _realloc_r
 .text.__utf8_wctomb
                0x00113d4c       0xf8 C:/devkitPro/devkitARM/bin/../lib/gcc/arm-none-eabi/16.1.0/../../../../arm-none-eabi/lib/armv6k/fpu\libg.a(libc_a-wctomb_r.o)
                0x00113d4c                __utf8_wctomb
 .text._wcsnrtombs_l
                0x00113e44      0x15c C:/devkitPro/devkitARM/bin/../lib/gcc/arm-none-eabi/16.1.0/../../../../arm-none-eabi/lib/armv6k/fpu\libg.a(libc_a-wcsnrtombs.o)
                0x00113e44                _wcsnrtombs_l
 .text._wcsnrtombs_r
                0x00113fa0       0x64 C:/devkitPro/devkitARM/bin/../lib/gcc/arm-none-eabi/16.1.0/../../../../arm-none-eabi/lib/armv6k/fpu\libg.a(libc_a-wcsnrtombs.o)
                0x00113fa0                _wcsnrtombs_r
 *fill*         0x00114004        0x4 
 .text.frexp    0x00114008       0x88 C:/devkitPro/devkitARM/bin/../lib/gcc/arm-none-eabi/16.1.0/../../../../arm-none-eabi/lib/armv6k/fpu\libg.a(libm_a-s_frexp.o)
                0x00114008                frexp
 .text.__assert_func
                0x00114090       0x5c C:/devkitPro/devkitARM/bin/../lib/gcc/arm-none-eabi/16.1.0/../../../../arm-none-eabi/lib/armv6k/fpu\libg.a(libc_a-assert.o)
                0x00114090                __assert_func
 .text._Balloc  0x001140ec       0x88 C:/devkitPro/devkitARM/bin/../lib/gcc/arm-none-eabi/16.1.0/../../../../arm-none-eabi/lib/armv6k/fpu\libg.a(libc_a-mprec.o)
                0x001140ec                _Balloc
 .text._Bfree   0x00114174       0x1c C:/devkitPro/devkitARM/bin/../lib/gcc/arm-none-eabi/16.1.0/../../../../arm-none-eabi/lib/armv6k/fpu\libg.a(libc_a-mprec.o)
                0x00114174                _Bfree
 .text.__multadd
                0x00114190       0xf4 C:/devkitPro/devkitARM/bin/../lib/gcc/arm-none-eabi/16.1.0/../../../../arm-none-eabi/lib/armv6k/fpu\libg.a(libc_a-mprec.o)
                0x00114190                __multadd
 .text.__hi0bits
                0x00114284       0x80 C:/devkitPro/devkitARM/bin/../lib/gcc/arm-none-eabi/16.1.0/../../../../arm-none-eabi/lib/armv6k/fpu\libg.a(libc_a-mprec.o)
                0x00114284                __hi0bits
 .text.__lo0bits
                0x00114304       0xf0 C:/devkitPro/devkitARM/bin/../lib/gcc/arm-none-eabi/16.1.0/../../../../arm-none-eabi/lib/armv6k/fpu\libg.a(libc_a-mprec.o)
                0x00114304                __lo0bits
 .text.__i2b    0x001143f4       0xa4 C:/devkitPro/devkitARM/bin/../lib/gcc/arm-none-eabi/16.1.0/../../../../arm-none-eabi/lib/armv6k/fpu\libg.a(libc_a-mprec.o)
                0x001143f4                __i2b
 .text.__multiply
                0x00114498      0x230 C:/devkitPro/devkitARM/bin/../lib/gcc/arm-none-eabi/16.1.0/../../../../arm-none-eabi/lib/armv6k/fpu\libg.a(libc_a-mprec.o)
                0x00114498                __multiply
 .text.__pow5mult
                0x001146c8      0x130 C:/devkitPro/devkitARM/bin/../lib/gcc/arm-none-eabi/16.1.0/../../../../arm-none-eabi/lib/armv6k/fpu\libg.a(libc_a-mprec.o)
                0x001146c8                __pow5mult
 .text.__lshift
                0x001147f8      0x138 C:/devkitPro/devkitARM/bin/../lib/gcc/arm-none-eabi/16.1.0/../../../../arm-none-eabi/lib/armv6k/fpu\libg.a(libc_a-mprec.o)
                0x001147f8                __lshift
 .text.__mcmp   0x00114930       0x58 C:/devkitPro/devkitARM/bin/../lib/gcc/arm-none-eabi/16.1.0/../../../../arm-none-eabi/lib/armv6k/fpu\libg.a(libc_a-mprec.o)
                0x00114930                __mcmp
 .text.__mdiff  0x00114988      0x218 C:/devkitPro/devkitARM/bin/../lib/gcc/arm-none-eabi/16.1.0/../../../../arm-none-eabi/lib/armv6k/fpu\libg.a(libc_a-mprec.o)
                0x00114988                __mdiff
 .text.__d2b    0x00114ba0      0x120 C:/devkitPro/devkitARM/bin/../lib/gcc/arm-none-eabi/16.1.0/../../../../arm-none-eabi/lib/armv6k/fpu\libg.a(libc_a-mprec.o)
                0x00114ba0                __d2b
 .text.__utf8_mbtowc
                0x00114cc0      0x340 C:/devkitPro/devkitARM/bin/../lib/gcc/arm-none-eabi/16.1.0/../../../../arm-none-eabi/lib/armv6k/fpu\libg.a(libc_a-mbtowc_r.o)
                0x00114cc0                __utf8_mbtowc
 .text.fiprintf
                0x00115000       0x3c C:/devkitPro/devkitARM/bin/../lib/gcc/arm-none-eabi/16.1.0/../../../../arm-none-eabi/lib/armv6k/fpu\libg.a(libc_a-fiprintf.o)
                0x00115000                fiprintf
 .text.strchr   0x0011503c      0x140 C:/devkitPro/devkitARM/bin/../lib/gcc/arm-none-eabi/16.1.0/../../../../arm-none-eabi/lib/armv6k/fpu\libg.a(libc_a-strchr.o)
                0x0011503c                strchr
 .text.abort    0x0011517c       0x14 C:/devkitPro/devkitARM/bin/../lib/gcc/arm-none-eabi/16.1.0/../../../../arm-none-eabi/lib/armv6k/fpu\libg.a(libc_a-abort.o)
                0x0011517c                abort
 .text._calloc_r
                0x00115190       0xd8 C:/devkitPro/devkitARM/bin/../lib/gcc/arm-none-eabi/16.1.0/../../../../arm-none-eabi/lib/armv6k/fpu\libg.a(libc_a-callocr.o)
                0x00115190                _calloc_r
 .text.get_arg  0x00115268      0x5e0 C:/devkitPro/devkitARM/bin/../lib/gcc/arm-none-eabi/16.1.0/../../../../arm-none-eabi/lib/armv6k/fpu\libg.a(libc_a-vfiprintf.o)
 .text._vfiprintf_r
                0x00115848     0x22f8 C:/devkitPro/devkitARM/bin/../lib/gcc/arm-none-eabi/16.1.0/../../../../arm-none-eabi/lib/armv6k/fpu\libg.a(libc_a-vfiprintf.o)
                0x00115848                _vfiprintf_r
 .text.__sbprintf
                0x00117b40       0xb4 C:/devkitPro/devkitARM/bin/../lib/gcc/arm-none-eabi/16.1.0/../../../../arm-none-eabi/lib/armv6k/fpu\libg.a(libc_a-vfiprintf.o)
 .text._raise_r
                0x00117bf4       0x9c C:/devkitPro/devkitARM/bin/../lib/gcc/arm-none-eabi/16.1.0/../../../../arm-none-eabi/lib/armv6k/fpu\libg.a(libc_a-signal.o)
                0x00117bf4                _raise_r
 .text.raise    0x00117c90       0x20 C:/devkitPro/devkitARM/bin/../lib/gcc/arm-none-eabi/16.1.0/../../../../arm-none-eabi/lib/armv6k/fpu\libg.a(libc_a-signal.o)
                0x00117c90                raise
 .text._exit    0x00117cb0       0x20 C:/devkitPro/devkitARM/bin/../lib/gcc/arm-none-eabi/16.1.0/../../../../arm-none-eabi/lib/armv6k/fpu\libsysbase.a(libsysbase_libsysbase_a-_exit.o)
                0x00117cb0                _exit
 .text.chdir    0x00117cd0      0x140 C:/devkitPro/devkitARM/bin/../lib/gcc/arm-none-eabi/16.1.0/../../../../arm-none-eabi/lib/armv6k/fpu\libsysbase.a(libsysbase_libsysbase_a-chdir.o)
                0x00117cd0                chdir
 .text._concatenate_path
                0x00117e10      0x1c8 C:/devkitPro/devkitARM/bin/../lib/gcc/arm-none-eabi/16.1.0/../../../../arm-none-eabi/lib/armv6k/fpu\libsysbase.a(libsysbase_libsysbase_a-concatenate.o)
                0x00117e10                _concatenate_path
 .text._fstat_r
                0x00117fd8       0x9c C:/devkitPro/devkitARM/bin/../lib/gcc/arm-none-eabi/16.1.0/../../../../arm-none-eabi/lib/armv6k/fpu\libsysbase.a(libsysbase_libsysbase_a-fstat.o)
                0x00117fd8                _fstat_r
 .text._getpid_r
                0x00118074       0x14 C:/devkitPro/devkitARM/bin/../lib/gcc/arm-none-eabi/16.1.0/../../../../arm-none-eabi/lib/armv6k/fpu\libsysbase.a(libsysbase_libsysbase_a-getpid.o)
                0x00118074                _getpid_r
 .text.__getreent
                0x00118088       0x2c C:/devkitPro/devkitARM/bin/../lib/gcc/arm-none-eabi/16.1.0/../../../../arm-none-eabi/lib/armv6k/fpu\libsysbase.a(libsysbase_libsysbase_a-getreent.o)
                0x00118088                __getreent
 .text.__get_handle
                0x001180b4       0x58 C:/devkitPro/devkitARM/bin/../lib/gcc/arm-none-eabi/16.1.0/../../../../arm-none-eabi/lib/armv6k/fpu\libsysbase.a(libsysbase_libsysbase_a-handle_manager.o)
                0x001180b4                __get_handle
 .text._close_r
                0x0011810c      0x110 C:/devkitPro/devkitARM/bin/../lib/gcc/arm-none-eabi/16.1.0/../../../../arm-none-eabi/lib/armv6k/fpu\libsysbase.a(libsysbase_libsysbase_a-handle_manager.o)
                0x0011810c                _close_r
 .text.null_write
                0x0011821c        0x8 C:/devkitPro/devkitARM/bin/../lib/gcc/arm-none-eabi/16.1.0/../../../../arm-none-eabi/lib/armv6k/fpu\libsysbase.a(libsysbase_libsysbase_a-iosupport.o)
 .text.setDefaultDevice
                0x00118224       0x18 C:/devkitPro/devkitARM/bin/../lib/gcc/arm-none-eabi/16.1.0/../../../../arm-none-eabi/lib/armv6k/fpu\libsysbase.a(libsysbase_libsysbase_a-iosupport.o)
                0x00118224                setDefaultDevice
 .text.FindDevice
                0x0011823c       0x98 C:/devkitPro/devkitARM/bin/../lib/gcc/arm-none-eabi/16.1.0/../../../../arm-none-eabi/lib/armv6k/fpu\libsysbase.a(libsysbase_libsysbase_a-iosupport.o)
                0x0011823c                FindDevice
 .text.RemoveDevice
                0x001182d4       0x24 C:/devkitPro/devkitARM/bin/../lib/gcc/arm-none-eabi/16.1.0/../../../../arm-none-eabi/lib/armv6k/fpu\libsysbase.a(libsysbase_libsysbase_a-iosupport.o)
                0x001182d4                RemoveDevice
 .text.AddDevice
                0x001182f8       0x88 C:/devkitPro/devkitARM/bin/../lib/gcc/arm-none-eabi/16.1.0/../../../../arm-none-eabi/lib/armv6k/fpu\libsysbase.a(libsysbase_libsysbase_a-iosupport.o)
                0x001182f8                AddDevice
 .text.GetDeviceOpTab
                0x00118380       0x20 C:/devkitPro/devkitARM/bin/../lib/gcc/arm-none-eabi/16.1.0/../../../../arm-none-eabi/lib/armv6k/fpu\libsysbase.a(libsysbase_libsysbase_a-iosupport.o)
                0x00118380                GetDeviceOpTab
 .text._isatty_r
                0x001183a0        0x8 C:/devkitPro/devkitARM/bin/../lib/gcc/arm-none-eabi/16.1.0/../../../../arm-none-eabi/lib/armv6k/fpu\libsysbase.a(libsysbase_libsysbase_a-isatty.o)
                0x001183a0                _isatty_r
 .text._kill_r  0x001183a8       0x14 C:/devkitPro/devkitARM/bin/../lib/gcc/arm-none-eabi/16.1.0/../../../../arm-none-eabi/lib/armv6k/fpu\libsysbase.a(libsysbase_libsysbase_a-kill.o)
                0x001183a8                _kill_r
 .text._lseek_r
                0x001183bc       0x94 C:/devkitPro/devkitARM/bin/../lib/gcc/arm-none-eabi/16.1.0/../../../../arm-none-eabi/lib/armv6k/fpu\libsysbase.a(libsysbase_libsysbase_a-lseek.o)
                0x001183bc                _lseek_r
 .text._read_r  0x00118450       0x94 C:/devkitPro/devkitARM/bin/../lib/gcc/arm-none-eabi/16.1.0/../../../../arm-none-eabi/lib/armv6k/fpu\libsysbase.a(libsysbase_libsysbase_a-read.o)
                0x00118450                _read_r
 .text._sbrk_r  0x001184e4       0x78 C:/devkitPro/devkitARM/bin/../lib/gcc/arm-none-eabi/16.1.0/../../../../arm-none-eabi/lib/armv6k/fpu\libsysbase.a(libsysbase_libsysbase_a-sbrk.o)
                0x001184e4                _sbrk_r
 .text.__libc_lock_acquire
                0x0011855c       0x1c C:/devkitPro/devkitARM/bin/../lib/gcc/arm-none-eabi/16.1.0/../../../../arm-none-eabi/lib/armv6k/fpu\libsysbase.a(libsysbase_libsysbase_a-syscall_support.o)
                0x0011855c                __libc_lock_acquire
 .text.__libc_lock_release
                0x00118578       0x1c C:/devkitPro/devkitARM/bin/../lib/gcc/arm-none-eabi/16.1.0/../../../../arm-none-eabi/lib/armv6k/fpu\libsysbase.a(libsysbase_libsysbase_a-syscall_support.o)
                0x00118578                __libc_lock_release
 .text.__libc_lock_acquire_recursive
                0x00118594       0x1c C:/devkitPro/devkitARM/bin/../lib/gcc/arm-none-eabi/16.1.0/../../../../arm-none-eabi/lib/armv6k/fpu\libsysbase.a(libsysbase_libsysbase_a-syscall_support.o)
                0x00118594                __libc_lock_acquire_recursive
 .text.__libc_lock_release_recursive
                0x001185b0       0x1c C:/devkitPro/devkitARM/bin/../lib/gcc/arm-none-eabi/16.1.0/../../../../arm-none-eabi/lib/armv6k/fpu\libsysbase.a(libsysbase_libsysbase_a-syscall_support.o)
                0x001185b0                __libc_lock_release_recursive
 .text._write_r
                0x001185cc       0x94 C:/devkitPro/devkitARM/bin/../lib/gcc/arm-none-eabi/16.1.0/../../../../arm-none-eabi/lib/armv6k/fpu\libsysbase.a(libsysbase_libsysbase_a-write.o)
                0x001185cc                _write_r
 .text.strrchr  0x00118660       0x48 C:/devkitPro/devkitARM/bin/../lib/gcc/arm-none-eabi/16.1.0/../../../../arm-none-eabi/lib/armv6k/fpu\libg.a(libc_a-strrchr.o)
                0x00118660                strrchr
 *(.glue_7)
 .glue_7        0x001186a8        0x0 linker stubs
 *(.glue_7t)
 .glue_7t       0x001186a8        0x0 linker stubs
 *(.stub)
 *(.gnu.warning)
 *(.gnu.linkonce.t*)
                0x001186a8                        . = ALIGN (0x4)
 *(.fini)
 .fini          0x001186a8        0xc C:/devkitPro/devkitARM/bin/../lib/gcc/arm-none-eabi/16.1.0/armv6k/fpu/crti.o
                0x001186a8                _fini
 .fini          0x001186b4        0xc C:/devkitPro/devkitARM/bin/../lib/gcc/arm-none-eabi/16.1.0/armv6k/fpu/crtn.o
                0x001186c0                        . = ALIGN (0x4)

.vfp11_veneer   0x001186c0        0x0
 .vfp11_veneer  0x001186c0        0x0 linker stubs

.v4_bx          0x001186c0        0x0
 .v4_bx         0x001186c0        0x0 linker stubs

.iplt           0x001186c0        0x0
 .iplt          0x001186c0        0x0 C:/devkitPro/devkitARM/bin/../lib/gcc/arm-none-eabi/16.1.0/../../../../arm-none-eabi/lib/armv6k/fpu/3dsx_crt0.o
                0x00119000                        . = ALIGN (0x1000)

.rodata         0x00119000     0x16b0
 *(.rodata)
 .rodata        0x00119000        0xc C:/devkitPro/libctru/lib\libctru.a(archive_dev.o)
 *(.roda)
 *(.rodata.*)
 .rodata.str1.4
                0x0011900c      0x3ed main.o
                                0x1c2 (size before relaxing)
 .rodata.consolePrintChar
                0x001193f9        0x6 C:/devkitPro/libctru/lib\libctru.a(console.o)
 *fill*         0x001193ff        0x1 
 .rodata.con_write
                0x00119400      0x23c C:/devkitPro/libctru/lib\libctru.a(console.o)
 .rodata.str1.4
                0x0011963c        0x0 C:/devkitPro/libctru/lib\libctru.a(console.o)
                                 0x10 (size before relaxing)
 .rodata.dotab_stdout
                0x0011963c       0x80 C:/devkitPro/libctru/lib\libctru.a(console.o)
 .rodata.grayScale
                0x001196bc       0x18 C:/devkitPro/libctru/lib\libctru.a(console.o)
 .rodata.colorCube
                0x001196d4        0x6 C:/devkitPro/libctru/lib\libctru.a(console.o)
 *fill*         0x001196da        0x2 
 .rodata.colorTable
                0x001196dc       0x30 C:/devkitPro/libctru/lib\libctru.a(console.o)
 .rodata.aptEventHandler
                0x0011970c        0xb C:/devkitPro/libctru/lib\libctru.a(apt.o)
 .rodata.aptWaitForWakeUp.isra.0
                0x00119717       0x11 C:/devkitPro/libctru/lib\libctru.a(apt.o)
 .rodata.morton_y.2
                0x00119728        0x8 C:/devkitPro/libctru/lib\libctru.a(apt.o)
 .rodata.morton_x.3
                0x00119730        0x8 C:/devkitPro/libctru/lib\libctru.a(apt.o)
 .rodata.s_sleepWakeEvents.4
                0x00119738        0x8 C:/devkitPro/libctru/lib\libctru.a(apt.o)
 .rodata.str1.4
                0x00119740        0x0 C:/devkitPro/libctru/lib\libctru.a(apt.o)
                                 0x16 (size before relaxing)
 .rodata.serviceNameTable.5
                0x00119740        0xc C:/devkitPro/libctru/lib\libctru.a(apt.o)
 .rodata.gspInit.str1.4
                0x0011974c        0x0 C:/devkitPro/libctru/lib\libctru.a(gspgpu.o)
                                  0x9 (size before relaxing)
 .rodata.hidInit.str1.4
                0x0011974c        0x0 C:/devkitPro/libctru/lib\libctru.a(hid.o)
                                 0x15 (size before relaxing)
 .rodata.irrstInit.str1.4
                0x0011974c        0x0 C:/devkitPro/libctru/lib\libctru.a(irrst.o)
                                  0x7 (size before relaxing)
 .rodata.__system_initArgv.str1.4
                0x0011974c        0x0 C:/devkitPro/libctru/lib\libctru.a(initArgv.o)
                                  0xa (size before relaxing)
 .rodata.default_font_bin
                0x0011974c      0x800 C:/devkitPro/libctru/lib\libctru.a(default_font.bin.o)
                0x0011974c                default_font_bin
                0x00119f4c                default_font_bin_end
 .rodata.srvInit.str1.4
                0x00119f4c        0x0 C:/devkitPro/libctru/lib\libctru.a(srv.o)
                                  0x5 (size before relaxing)
 .rodata.ptmSysmInit.str1.4
                0x00119f4c        0x0 C:/devkitPro/libctru/lib\libctru.a(ptmsysm.o)
                                  0x9 (size before relaxing)
 .rodata.archive_utf16path.str1.4
                0x00119f4c        0x0 C:/devkitPro/libctru/lib\libctru.a(archive_dev.o)
                                  0x2 (size before relaxing)
 .rodata._archiveUnmountDeviceStruct.part.0.str1.4
                0x00119f4c        0x0 C:/devkitPro/libctru/lib\libctru.a(archive_dev.o)
                                  0x2 (size before relaxing)
 .rodata._archiveMountDevice.str1.4
                0x00119f4c        0x0 C:/devkitPro/libctru/lib\libctru.a(archive_dev.o)
                                  0xc (size before relaxing)
 .rodata.archiveMountSdmc.str1.4
                0x00119f4c        0x0 C:/devkitPro/libctru/lib\libctru.a(archive_dev.o)
                                  0x5 (size before relaxing)
 .rodata.error_table
                0x00119f4c       0x30 C:/devkitPro/libctru/lib\libctru.a(archive_dev.o)
 .rodata.str1.4
                0x00119f7c        0x0 C:/devkitPro/libctru/lib\libctru.a(archive_dev.o)
                                  0x8 (size before relaxing)
 .rodata.archive_devoptab
                0x00119f7c       0x80 C:/devkitPro/libctru/lib\libctru.a(archive_dev.o)
 .rodata.fsInit.str1.4
                0x00119ffc        0x0 C:/devkitPro/libctru/lib\libctru.a(fs.o)
                                  0x8 (size before relaxing)
 .rodata._puts_r.str1.4
                0x00119ffc        0x0 C:/devkitPro/devkitARM/bin/../lib/gcc/arm-none-eabi/16.1.0/../../../../arm-none-eabi/lib/armv6k/fpu\libg.a(libc_a-puts.o)
                                  0x2 (size before relaxing)
 .rodata._ctype_
                0x00119ffc      0x101 C:/devkitPro/devkitARM/bin/../lib/gcc/arm-none-eabi/16.1.0/../../../../arm-none-eabi/lib/armv6k/fpu\libg.a(libc_a-ctype_.o)
                0x00119ffc                _ctype_
 *fill*         0x0011a0fd        0x1 
 .rodata.get_arg
                0x0011a0fe       0x34 C:/devkitPro/devkitARM/bin/../lib/gcc/arm-none-eabi/16.1.0/../../../../arm-none-eabi/lib/armv6k/fpu\libg.a(libc_a-vfprintf.o)
 .rodata._vfprintf_r.str1.1
                0x0011a132       0x3b C:/devkitPro/devkitARM/bin/../lib/gcc/arm-none-eabi/16.1.0/../../../../arm-none-eabi/lib/armv6k/fpu\libg.a(libc_a-vfprintf.o)
 *fill*         0x0011a16d        0x1 
 .rodata._vfprintf_r
                0x0011a16e       0xb6 C:/devkitPro/devkitARM/bin/../lib/gcc/arm-none-eabi/16.1.0/../../../../arm-none-eabi/lib/armv6k/fpu\libg.a(libc_a-vfprintf.o)
 .rodata.zeroes.0
                0x0011a224       0x10 C:/devkitPro/devkitARM/bin/../lib/gcc/arm-none-eabi/16.1.0/../../../../arm-none-eabi/lib/armv6k/fpu\libg.a(libc_a-vfprintf.o)
 .rodata.blanks.1
                0x0011a234       0x10 C:/devkitPro/devkitARM/bin/../lib/gcc/arm-none-eabi/16.1.0/../../../../arm-none-eabi/lib/armv6k/fpu\libg.a(libc_a-vfprintf.o)
 .rodata.__action_table
                0x0011a244       0x6c C:/devkitPro/devkitARM/bin/../lib/gcc/arm-none-eabi/16.1.0/../../../../arm-none-eabi/lib/armv6k/fpu\libg.a(libc_a-svfiprintf.o)
                0x0011a244                __action_table
 .rodata.__state_table
                0x0011a2b0       0x6c C:/devkitPro/devkitARM/bin/../lib/gcc/arm-none-eabi/16.1.0/../../../../arm-none-eabi/lib/armv6k/fpu\libg.a(libc_a-svfiprintf.o)
                0x0011a2b0                __state_table
 .rodata.__chclass
                0x0011a31c      0x100 C:/devkitPro/devkitARM/bin/../lib/gcc/arm-none-eabi/16.1.0/../../../../arm-none-eabi/lib/armv6k/fpu\libg.a(libc_a-svfiprintf.o)
                0x0011a31c                __chclass
 .rodata.str1.4
                0x0011a41c        0x0 C:/devkitPro/devkitARM/bin/../lib/gcc/arm-none-eabi/16.1.0/../../../../arm-none-eabi/lib/armv6k/fpu\libg.a(libc_a-locale.o)
                                 0x4c (size before relaxing)
 .rodata._dtoa_r.str1.4
                0x0011a41c        0x0 C:/devkitPro/devkitARM/bin/../lib/gcc/arm-none-eabi/16.1.0/../../../../arm-none-eabi/lib/armv6k/fpu\libg.a(libc_a-dtoa.o)
                                 0x9c (size before relaxing)
 .rodata._dtoa_r
                0x0011a41c        0x8 C:/devkitPro/devkitARM/bin/../lib/gcc/arm-none-eabi/16.1.0/../../../../arm-none-eabi/lib/armv6k/fpu\libg.a(libc_a-dtoa.o)
 .rodata.__assert_func.str1.4
                0x0011a424        0x0 C:/devkitPro/devkitARM/bin/../lib/gcc/arm-none-eabi/16.1.0/../../../../arm-none-eabi/lib/armv6k/fpu\libg.a(libc_a-assert.o)
                                 0x43 (size before relaxing)
 .rodata.__multadd.str1.4
                0x0011a424        0x0 C:/devkitPro/devkitARM/bin/../lib/gcc/arm-none-eabi/16.1.0/../../../../arm-none-eabi/lib/armv6k/fpu\libg.a(libc_a-mprec.o)
                                 0x89 (size before relaxing)
 .rodata.p05.0  0x0011a424        0xc C:/devkitPro/devkitARM/bin/../lib/gcc/arm-none-eabi/16.1.0/../../../../arm-none-eabi/lib/armv6k/fpu\libg.a(libc_a-mprec.o)
 .rodata.__mprec_bigtens
                0x0011a430       0x28 C:/devkitPro/devkitARM/bin/../lib/gcc/arm-none-eabi/16.1.0/../../../../arm-none-eabi/lib/armv6k/fpu\libg.a(libc_a-mprec.o)
                0x0011a430                __mprec_bigtens
 .rodata.__mprec_tens
                0x0011a458       0xc8 C:/devkitPro/devkitARM/bin/../lib/gcc/arm-none-eabi/16.1.0/../../../../arm-none-eabi/lib/armv6k/fpu\libg.a(libc_a-mprec.o)
                0x0011a458                __mprec_tens
 .rodata.get_arg
                0x0011a520       0x34 C:/devkitPro/devkitARM/bin/../lib/gcc/arm-none-eabi/16.1.0/../../../../arm-none-eabi/lib/armv6k/fpu\libg.a(libc_a-vfiprintf.o)
 .rodata._vfiprintf_r.str1.1
                0x0011a554        0x0 C:/devkitPro/devkitARM/bin/../lib/gcc/arm-none-eabi/16.1.0/../../../../arm-none-eabi/lib/armv6k/fpu\libg.a(libc_a-vfiprintf.o)
                                 0x29 (size before relaxing)
 .rodata._vfiprintf_r
                0x0011a554       0xb6 C:/devkitPro/devkitARM/bin/../lib/gcc/arm-none-eabi/16.1.0/../../../../arm-none-eabi/lib/armv6k/fpu\libg.a(libc_a-vfiprintf.o)
 *fill*         0x0011a60a        0x2 
 .rodata.zeroes.0
                0x0011a60c       0x10 C:/devkitPro/devkitARM/bin/../lib/gcc/arm-none-eabi/16.1.0/../../../../arm-none-eabi/lib/armv6k/fpu\libg.a(libc_a-vfiprintf.o)
 .rodata.blanks.1
                0x0011a61c       0x10 C:/devkitPro/devkitARM/bin/../lib/gcc/arm-none-eabi/16.1.0/../../../../arm-none-eabi/lib/armv6k/fpu\libg.a(libc_a-vfiprintf.o)
 .rodata.str1.4
                0x0011a62c        0x0 C:/devkitPro/devkitARM/bin/../lib/gcc/arm-none-eabi/16.1.0/../../../../arm-none-eabi/lib/armv6k/fpu\libsysbase.a(libsysbase_libsysbase_a-iosupport.o)
                                  0x8 (size before relaxing)
 .rodata.dotab_stdnull
                0x0011a62c       0x80 C:/devkitPro/devkitARM/bin/../lib/gcc/arm-none-eabi/16.1.0/../../../../arm-none-eabi/lib/armv6k/fpu\libsysbase.a(libsysbase_libsysbase_a-iosupport.o)
                0x0011a62c                dotab_stdnull
 *all.rodata*(*)
 *(.gnu.linkonce.r*)
                0x0011a6ac                        . = ALIGN (0x4)
                0x0011a6ac                        __tdata_align = .
                0x0011a6ac        0x4 LONG 0x4 ALIGNOF (.tdata)
                0x0011a6b0                        . = ALIGN (0x4)

.eh_frame       0x0011a6b0        0x0
 .eh_frame      0x0011a6b0        0x0 C:/devkitPro/devkitARM/bin/../lib/gcc/arm-none-eabi/16.1.0/armv6k/fpu/crtbegin.o

.rel.dyn        0x0011a6b0        0x0
 .rel.iplt      0x0011a6b0        0x0 C:/devkitPro/devkitARM/bin/../lib/gcc/arm-none-eabi/16.1.0/../../../../arm-none-eabi/lib/armv6k/fpu/3dsx_crt0.o
 .rel.got       0x0011a6b0        0x0 C:/devkitPro/devkitARM/bin/../lib/gcc/arm-none-eabi/16.1.0/../../../../arm-none-eabi/lib/armv6k/fpu/3dsx_crt0.o

.ARM.extab
 *(.ARM.extab* .gnu.linkonce.armextab.*)
                0x0011a6b0                        __exidx_start = .

.ARM.exidx
 *(.ARM.exidx* .gnu.linkonce.armexidx.*)
                0x0011a6b0                        __exidx_end = .
                0x0011b000                        . = ALIGN (0x1000)

.data           0x0011b000     0x1eec
 *(.data)
 .data          0x0011b000      0x160 main.o
                0x0011b000                modoTextoAMorse
                0x0011b040                tabla
 *(.data.*)
 .data.firstConsoleInit.0
                0x0011b160        0x1 C:/devkitPro/libctru/lib\libctru.a(console.o)
 *fill*         0x0011b161        0x3 
 .data.currentConsole
                0x0011b164        0x4 C:/devkitPro/libctru/lib\libctru.a(console.o)
                0x0011b164                currentConsole
 .data.defaultConsole
                0x0011b168       0x48 C:/devkitPro/libctru/lib\libctru.a(console.o)
                0x0011b168                defaultConsole
 .data.aptChainloadDeliverArgSize
                0x0011b1b0        0x4 C:/devkitPro/libctru/lib\libctru.a(apt.o)
 .data.kCount   0x0011b1b4        0x4 C:/devkitPro/libctru/lib\libctru.a(hid.o)
 .data.kInterval
                0x0011b1b8        0x4 C:/devkitPro/libctru/lib\libctru.a(hid.o)
 .data.kDelay   0x0011b1bc        0x4 C:/devkitPro/libctru/lib\libctru.a(hid.o)
 .data.__stacksize__
                0x0011b1c0        0x4 C:/devkitPro/libctru/lib\libctru.a(stack_adjust.o)
                0x0011b1c0                __stacksize__
 .data._impure_ptr
                0x0011b1c4        0x4 C:/devkitPro/devkitARM/bin/../lib/gcc/arm-none-eabi/16.1.0/../../../../arm-none-eabi/lib/armv6k/fpu\libg.a(libc_a-impure.o)
                0x0011b1c4                _impure_ptr
 .data._impure_data
                0x0011b1c8      0x200 C:/devkitPro/devkitARM/bin/../lib/gcc/arm-none-eabi/16.1.0/../../../../arm-none-eabi/lib/armv6k/fpu\libg.a(libc_a-impure.o)
                0x0011b1c8                _impure_data
 .data.__malloc_sbrk_base
                0x0011b3c8        0x4 C:/devkitPro/devkitARM/bin/../lib/gcc/arm-none-eabi/16.1.0/../../../../arm-none-eabi/lib/armv6k/fpu\libg.a(libc_a-mallocr.o)
                0x0011b3c8                __malloc_sbrk_base
 .data.__malloc_trim_threshold
                0x0011b3cc        0x4 C:/devkitPro/devkitARM/bin/../lib/gcc/arm-none-eabi/16.1.0/../../../../arm-none-eabi/lib/armv6k/fpu\libg.a(libc_a-mallocr.o)
                0x0011b3cc                __malloc_trim_threshold
 .data.__malloc_av_
                0x0011b3d0      0x408 C:/devkitPro/devkitARM/bin/../lib/gcc/arm-none-eabi/16.1.0/../../../../arm-none-eabi/lib/armv6k/fpu\libg.a(libc_a-mallocr.o)
                0x0011b3d0                __malloc_av_
 .data.__sglue  0x0011b7d8        0xc C:/devkitPro/devkitARM/bin/../lib/gcc/arm-none-eabi/16.1.0/../../../../arm-none-eabi/lib/armv6k/fpu\libg.a(libc_a-findfp.o)
                0x0011b7d8                __sglue
 .data.__global_locale
                0x0011b7e4      0x254 C:/devkitPro/devkitARM/bin/../lib/gcc/arm-none-eabi/16.1.0/../../../../arm-none-eabi/lib/armv6k/fpu\libg.a(libc_a-locale.o)
                0x0011b7e4                __global_locale
 .data._current_working_directory
                0x0011ba38      0x400 C:/devkitPro/devkitARM/bin/../lib/gcc/arm-none-eabi/16.1.0/../../../../arm-none-eabi/lib/armv6k/fpu\libsysbase.a(libsysbase_libsysbase_a-chdir.o)
 .data.handles  0x0011be38     0x1000 C:/devkitPro/devkitARM/bin/../lib/gcc/arm-none-eabi/16.1.0/../../../../arm-none-eabi/lib/armv6k/fpu\libsysbase.a(libsysbase_libsysbase_a-handle_manager.o)
 .data.__stderr_handle
                0x0011ce38        0xc C:/devkitPro/devkitARM/bin/../lib/gcc/arm-none-eabi/16.1.0/../../../../arm-none-eabi/lib/armv6k/fpu\libsysbase.a(libsysbase_libsysbase_a-handle_manager.o)
 .data.__stdout_handle
                0x0011ce44        0xc C:/devkitPro/devkitARM/bin/../lib/gcc/arm-none-eabi/16.1.0/../../../../arm-none-eabi/lib/armv6k/fpu\libsysbase.a(libsysbase_libsysbase_a-handle_manager.o)
 .data.__stdin_handle
                0x0011ce50        0xc C:/devkitPro/devkitARM/bin/../lib/gcc/arm-none-eabi/16.1.0/../../../../arm-none-eabi/lib/armv6k/fpu\libsysbase.a(libsysbase_libsysbase_a-handle_manager.o)
 .data.devoptab_list
                0x0011ce5c       0x8c C:/devkitPro/devkitARM/bin/../lib/gcc/arm-none-eabi/16.1.0/../../../../arm-none-eabi/lib/armv6k/fpu\libsysbase.a(libsysbase_libsysbase_a-iosupport.o)
                0x0011ce5c                devoptab_list
 .data.defaultDevice
                0x0011cee8        0x4 C:/devkitPro/devkitARM/bin/../lib/gcc/arm-none-eabi/16.1.0/../../../../arm-none-eabi/lib/armv6k/fpu\libsysbase.a(libsysbase_libsysbase_a-iosupport.o)
 *(.gnu.linkonce.d*)
                0x0011ceec                        . = ALIGN (0x4)

.igot.plt       0x0011ceec        0x0
 .igot.plt      0x0011ceec        0x0 C:/devkitPro/devkitARM/bin/../lib/gcc/arm-none-eabi/16.1.0/../../../../arm-none-eabi/lib/armv6k/fpu/3dsx_crt0.o

.got            0x0011ceec        0x8
 .got           0x0011ceec        0x8 C:/devkitPro/devkitARM/bin/../lib/gcc/arm-none-eabi/16.1.0/../../../../arm-none-eabi/lib/armv6k/fpu/3dsx_crt0.o

.got.plt        0x0011cef4        0xc
 .got.plt       0x0011cef4        0xc C:/devkitPro/devkitARM/bin/../lib/gcc/arm-none-eabi/16.1.0/../../../../arm-none-eabi/lib/armv6k/fpu/3dsx_crt0.o
                0x0011cef4                _GLOBAL_OFFSET_TABLE_

.tdata          0x0011cf00        0x0
                0x0011cf00                        __tdata_lma = .
 *(.tdata)
 *(.tdata.*)
 *(.gnu.linkonce.td.*)
                0x0011cf00                        . = ALIGN (0x4)
                0x0011cf00                        __tdata_lma_end = .

.tbss           0x0011cf00      0xc08
 *(.tbss)
 *(.tbss.*)
 .tbss.__ctru_dev_utf16_buf
                0x0011cf00      0x802 C:/devkitPro/libctru/lib\libctru.a(path_buf.o)
                0x0011cf00                __ctru_dev_utf16_buf
 *fill*         0x0011d702        0x2 
 .tbss.__ctru_dev_path_buf
                0x0011d704      0x401 C:/devkitPro/libctru/lib\libctru.a(path_buf.o)
                0x0011d704                __ctru_dev_path_buf
 *(.gnu.linkonce.tb.*)
 *(.tcommon)
                0x0011db08                        . = ALIGN (0x4)
 *fill*         0x0011db05        0x3 

.preinit_array  0x0011cf00        0x0
                0x0011cf00                        PROVIDE (__preinit_array_start = .)
 *(.preinit_array)
                0x0011cf00                        PROVIDE (__preinit_array_end = .)

.init_array     0x0011cf00        0x4
                0x0011cf00                        PROVIDE (__init_array_start = .)
 *(SORT_BY_NAME(.init_array.*))
 *(.init_array)
 .init_array    0x0011cf00        0x4 C:/devkitPro/devkitARM/bin/../lib/gcc/arm-none-eabi/16.1.0/armv6k/fpu/crtbegin.o
                0x0011cf04                        PROVIDE (__init_array_end = .)

.fini_array     0x0011cf04        0x4
                0x0011cf04                        PROVIDE (__fini_array_start = .)
 *(.fini_array)
 .fini_array    0x0011cf04        0x4 C:/devkitPro/devkitARM/bin/../lib/gcc/arm-none-eabi/16.1.0/armv6k/fpu/crtbegin.o
 *(SORT_BY_NAME(.fini_array.*))
                0x0011cf08                        PROVIDE (__fini_array_end = .)

.ctors
 *crtbegin.o(.ctors)
 *(EXCLUDE_FILE(*crtend.o) .ctors)
 *(SORT_BY_NAME(.ctors.*))
 *(.ctors)

.dtors
 *crtbegin.o(.dtors)
 *(EXCLUDE_FILE(*crtend.o) .dtors)
 *(SORT_BY_NAME(.dtors.*))
 *(.dtors)
                0x0011cf08                        __bss_start__ = .

.bss            0x0011cf08     0x3478
 *(.dynbss)
 *(.bss)
 .bss           0x0011cf08      0x648 main.o
                0x0011cf08                topScreen
                0x0011cf50                entrada
                0x0011d050                salida
 *(.bss.*)
 .bss.completed.1
                0x0011d550        0x1 C:/devkitPro/devkitARM/bin/../lib/gcc/arm-none-eabi/16.1.0/armv6k/fpu/crtbegin.o
 *fill*         0x0011d551        0x3 
 .bss.object.0  0x0011d554       0x18 C:/devkitPro/devkitARM/bin/../lib/gcc/arm-none-eabi/16.1.0/armv6k/fpu/crtbegin.o
 .bss.escapeSeq
                0x0011d56c       0x64 C:/devkitPro/libctru/lib\libctru.a(console.o)
 .bss.currentCopy
                0x0011d5d0       0x48 C:/devkitPro/libctru/lib\libctru.a(console.o)
                0x0011d5d0                currentCopy
 .bss.screenAlloc
                0x0011d618        0x4 C:/devkitPro/libctru/lib\libctru.a(gfx.o)
 .bss.screenFree
                0x0011d61c        0x4 C:/devkitPro/libctru/lib\libctru.a(gfx.o)
 .bss.gfxIsDoubleBuf
                0x0011d620        0x2 C:/devkitPro/libctru/lib\libctru.a(gfx.o)
 *fill*         0x0011d622        0x2 
 .bss.gfxCurBuf
                0x0011d624        0x2 C:/devkitPro/libctru/lib\libctru.a(gfx.o)
 .bss.gfxIsVram
                0x0011d626        0x1 C:/devkitPro/libctru/lib\libctru.a(gfx.o)
 .bss.gfxTopMode
                0x0011d627        0x1 C:/devkitPro/libctru/lib\libctru.a(gfx.o)
 .bss.gfxFramebufferFormats
                0x0011d628        0x2 C:/devkitPro/libctru/lib\libctru.a(gfx.o)
 *fill*         0x0011d62a        0x2 
 .bss.gfxBottomFramebufferMaxSize
                0x0011d62c        0x4 C:/devkitPro/libctru/lib\libctru.a(gfx.o)
 .bss.gfxTopFramebufferMaxSize
                0x0011d630        0x4 C:/devkitPro/libctru/lib\libctru.a(gfx.o)
 *fill*         0x0011d634        0x4 
 .bss.gfxBottomFramebuffers
                0x0011d638        0x8 C:/devkitPro/libctru/lib\libctru.a(gfx.o)
 .bss.gfxTopFramebuffers
                0x0011d640        0x8 C:/devkitPro/libctru/lib\libctru.a(gfx.o)
 .bss.flagValue.0
                0x0011d648        0x1 C:/devkitPro/libctru/lib\libctru.a(apt.o)
 .bss.flagInit.1
                0x0011d649        0x1 C:/devkitPro/libctru/lib\libctru.a(apt.o)
 *fill*         0x0011d64a        0x2 
 .bss.serviceName.6
                0x0011d64c        0x4 C:/devkitPro/libctru/lib\libctru.a(apt.o)
 .bss.aptChainloadFlags
                0x0011d650        0x1 C:/devkitPro/libctru/lib\libctru.a(apt.o)
 .bss.aptChainloadMediatype
                0x0011d651        0x1 C:/devkitPro/libctru/lib\libctru.a(apt.o)
 *fill*         0x0011d652        0x2 
 .bss.aptChainloadHmac
                0x0011d654       0x20 C:/devkitPro/libctru/lib\libctru.a(apt.o)
 .bss.aptChainloadDeliverArg
                0x0011d674      0x300 C:/devkitPro/libctru/lib\libctru.a(apt.o)
 *fill*         0x0011d974        0x4 
 .bss.aptChainloadTid
                0x0011d978        0x8 C:/devkitPro/libctru/lib\libctru.a(apt.o)
 .bss.aptParameters
                0x0011d980     0x1000 C:/devkitPro/libctru/lib\libctru.a(apt.o)
 .bss.aptFlags  0x0011e980        0x4 C:/devkitPro/libctru/lib\libctru.a(apt.o)
 .bss.aptHomeButtonState
                0x0011e984        0x1 C:/devkitPro/libctru/lib\libctru.a(apt.o)
 *fill*         0x0011e985        0x3 
 .bss.aptMessageFuncData
                0x0011e988        0x4 C:/devkitPro/libctru/lib\libctru.a(apt.o)
 .bss.aptMessageFunc
                0x0011e98c        0x4 C:/devkitPro/libctru/lib\libctru.a(apt.o)
 .bss.aptFirstHook
                0x0011e990        0xc C:/devkitPro/libctru/lib\libctru.a(apt.o)
 .bss.aptEventHandlerThreadQuit
                0x0011e99c        0x1 C:/devkitPro/libctru/lib\libctru.a(apt.o)
 *fill*         0x0011e99d        0x3 
 .bss.aptEventHandlerThread
                0x0011e9a0        0x4 C:/devkitPro/libctru/lib\libctru.a(apt.o)
 .bss.aptSleepEvent
                0x0011e9a4        0x8 C:/devkitPro/libctru/lib\libctru.a(apt.o)
 .bss.aptReceiveEvent
                0x0011e9ac        0x8 C:/devkitPro/libctru/lib\libctru.a(apt.o)
 .bss.aptEvents
                0x0011e9b4        0x8 C:/devkitPro/libctru/lib\libctru.a(apt.o)
 .bss.aptLockHandle
                0x0011e9bc        0x4 C:/devkitPro/libctru/lib\libctru.a(apt.o)
 .bss.aptRefCount
                0x0011e9c0        0x4 C:/devkitPro/libctru/lib\libctru.a(apt.o)
 .bss.gspEventCbOneShot
                0x0011e9c4        0x7 C:/devkitPro/libctru/lib\libctru.a(gspgpu.o)
 *fill*         0x0011e9cb        0x1 
 .bss.gspEventCbData
                0x0011e9cc       0x1c C:/devkitPro/libctru/lib\libctru.a(gspgpu.o)
 .bss.gspEventCb
                0x0011e9e8       0x1c C:/devkitPro/libctru/lib\libctru.a(gspgpu.o)
 .bss.gspEvents
                0x0011ea04       0x38 C:/devkitPro/libctru/lib\libctru.a(gspgpu.o)
 .bss.gspLastEvent
                0x0011ea3c        0x4 C:/devkitPro/libctru/lib\libctru.a(gspgpu.o)
 .bss.gspRunEvents
                0x0011ea40        0x1 C:/devkitPro/libctru/lib\libctru.a(gspgpu.o)
 *fill*         0x0011ea41        0x3 
 .bss.gspEventThread
                0x0011ea44        0x4 C:/devkitPro/libctru/lib\libctru.a(gspgpu.o)
 .bss.gspEvent  0x0011ea48        0x4 C:/devkitPro/libctru/lib\libctru.a(gspgpu.o)
 .bss.gspGpuRight
                0x0011ea4c        0x1 C:/devkitPro/libctru/lib\libctru.a(gspgpu.o)
 .bss.gspThreadId
                0x0011ea4d        0x1 C:/devkitPro/libctru/lib\libctru.a(gspgpu.o)
 *fill*         0x0011ea4e        0x2 
 .bss.gspSharedMem
                0x0011ea50        0x4 C:/devkitPro/libctru/lib\libctru.a(gspgpu.o)
 .bss.gspSharedMemHandle
                0x0011ea54        0x4 C:/devkitPro/libctru/lib\libctru.a(gspgpu.o)
 .bss.gspRefCount
                0x0011ea58        0x4 C:/devkitPro/libctru/lib\libctru.a(gspgpu.o)
 .bss.gspGpuHandle
                0x0011ea5c        0x4 C:/devkitPro/libctru/lib\libctru.a(gspgpu.o)
 .bss.usingIrrst
                0x0011ea60        0x1 C:/devkitPro/libctru/lib\libctru.a(hid.o)
 *fill*         0x0011ea61        0x3 
 .bss.hidRefCount
                0x0011ea64        0x4 C:/devkitPro/libctru/lib\libctru.a(hid.o)
 .bss.gRate     0x0011ea68        0x6 C:/devkitPro/libctru/lib\libctru.a(hid.o)
 *fill*         0x0011ea6e        0x2 
 .bss.aVec      0x0011ea70        0x6 C:/devkitPro/libctru/lib\libctru.a(hid.o)
 *fill*         0x0011ea76        0x2 
 .bss.cPos      0x0011ea78        0x4 C:/devkitPro/libctru/lib\libctru.a(hid.o)
 .bss.tPos      0x0011ea7c        0x4 C:/devkitPro/libctru/lib\libctru.a(hid.o)
 .bss.kRepeat   0x0011ea80        0x4 C:/devkitPro/libctru/lib\libctru.a(hid.o)
 .bss.kUp       0x0011ea84        0x4 C:/devkitPro/libctru/lib\libctru.a(hid.o)
 .bss.kDown     0x0011ea88        0x4 C:/devkitPro/libctru/lib\libctru.a(hid.o)
 .bss.kHeld     0x0011ea8c        0x4 C:/devkitPro/libctru/lib\libctru.a(hid.o)
 .bss.kOld      0x0011ea90        0x4 C:/devkitPro/libctru/lib\libctru.a(hid.o)
 .bss.hidSharedMem
                0x0011ea94        0x4 C:/devkitPro/libctru/lib\libctru.a(hid.o)
                0x0011ea94                hidSharedMem
 .bss.hidEvents
                0x0011ea98       0x14 C:/devkitPro/libctru/lib\libctru.a(hid.o)
                0x0011ea98                hidEvents
 .bss.hidMemHandle
                0x0011eaac        0x4 C:/devkitPro/libctru/lib\libctru.a(hid.o)
                0x0011eaac                hidMemHandle
 .bss.hidHandle
                0x0011eab0        0x4 C:/devkitPro/libctru/lib\libctru.a(hid.o)
                0x0011eab0                hidHandle
 .bss.irrstRefCount
                0x0011eab4        0x4 C:/devkitPro/libctru/lib\libctru.a(irrst.o)
 .bss.csPos     0x0011eab8        0x4 C:/devkitPro/libctru/lib\libctru.a(irrst.o)
 .bss.kHeld     0x0011eabc        0x4 C:/devkitPro/libctru/lib\libctru.a(irrst.o)
 .bss.irrstSharedMem
                0x0011eac0        0x4 C:/devkitPro/libctru/lib\libctru.a(irrst.o)
                0x0011eac0                irrstSharedMem
 .bss.irrstEvent
                0x0011eac4        0x4 C:/devkitPro/libctru/lib\libctru.a(irrst.o)
                0x0011eac4                irrstEvent
 .bss.irrstMemHandle
                0x0011eac8        0x4 C:/devkitPro/libctru/lib\libctru.a(irrst.o)
                0x0011eac8                irrstMemHandle
 .bss.irrstHandle
                0x0011eacc        0x4 C:/devkitPro/libctru/lib\libctru.a(irrst.o)
                0x0011eacc                irrstHandle
 .bss.swkbdSharedMemHandle
                0x0011ead0        0x4 C:/devkitPro/libctru/lib\libctru.a(swkbd.o)
 .bss.swkbdSharedMem
                0x0011ead4        0x4 C:/devkitPro/libctru/lib\libctru.a(swkbd.o)
 .bss.__system_retAddr
                0x0011ead8        0x4 C:/devkitPro/libctru/lib\libctru.a(ctru_init.o)
                0x0011ead8                __system_retAddr
 .bss.__system_argv
                0x0011eadc        0x4 C:/devkitPro/libctru/lib\libctru.a(initArgv.o)